Archive member included to satisfy reference by file (symbol)

C:/devkitPro/devkitARM/bin/../lib/gcc/arm-none-eabi/16.1.0/thumb\libgcc.a(_sync_none.o)
                              (__sync_synchronize_none)

Merging object attributes


Discarded input sections

 .text          0x00000000        0x0 C:/devkitPro/devkitARM/bin/../lib/gcc/arm-none-eabi/16.1.0/../../../../arm-none-eabi/lib/thumb/gba_crt0.o
 .data          0x00000000        0x0 C:/devkitPro/devkitARM/bin/../lib/gcc/arm-none-eabi/16.1.0/../../../../arm-none-eabi/lib/thumb/gba_crt0.o
 .bss           0x00000000        0x0 C:/devkitPro/devkitARM/bin/../lib/gcc/arm-none-eabi/16.1.0/../../../../arm-none-eabi/lib/thumb/gba_crt0.o
 .text          0x00000000        0x0 C:/devkitPro/devkitARM/bin/../lib/gcc/arm-none-eabi/16.1.0/thumb/crti.o
 .data          0x00000000        0x0 C:/devkitPro/devkitARM/bin/../lib/gcc/arm-none-eabi/16.1.0/thumb/crti.o
 .bss           0x00000000        0x0 C:/devkitPro/devkitARM/bin/../lib/gcc/arm-none-eabi/16.1.0/thumb/crti.o
 .text          0x00000000        0x0 C:/devkitPro/devkitARM/bin/../lib/gcc/arm-none-eabi/16.1.0/thumb/crtbegin.o
 .data          0x00000000        0x0 C:/devkitPro/devkitARM/bin/../lib/gcc/arm-none-eabi/16.1.0/thumb/crtbegin.o
 .bss           0x00000000        0x0 C:/devkitPro/devkitARM/bin/../lib/gcc/arm-none-eabi/16.1.0/thumb/crtbegin.o
 .rodata.all_implied_fbits
                0x00000000       0x24 C:/devkitPro/devkitARM/bin/../lib/gcc/arm-none-eabi/16.1.0/thumb/crtbegin.o
 .text          0x00000000        0x0 unifont_bn_gfx.o
 .data          0x00000000        0x0 unifont_bn_gfx.o
 .bss           0x00000000        0x0 unifont_bn_gfx.o
 .text          0x00000000        0x0 libgbfs.o
 .data          0x00000000        0x0 libgbfs.o
 .bss           0x00000000        0x0 libgbfs.o
 .text._ZL7namecmpPKvS0_
                0x00000000       0x10 libgbfs.o
 .text.skip_gbfs_file
                0x00000000        0xc libgbfs.o
 .text.gbfs_get_obj
                0x00000000       0x64 libgbfs.o
 .text.gbfs_copy_obj
                0x00000000       0x44 libgbfs.o
 .group         0x00000000        0xc main.o
 .group         0x00000000        0xc main.o
 .group         0x00000000        0xc main.o
 .group         0x00000000        0xc main.o
 .group         0x00000000        0xc main.o
 .text          0x00000000        0x0 main.o
 .data          0x00000000        0x0 main.o
 .bss           0x00000000        0x0 main.o
 .group         0x00000000        0xc bn_affine_bg_animate_actions.o
 .group         0x00000000        0xc bn_affine_bg_animate_actions.o
 .group         0x00000000        0xc bn_affine_bg_animate_actions.o
 .group         0x00000000        0xc bn_affine_bg_animate_actions.o
 .group         0x00000000        0xc bn_affine_bg_animate_actions.o
 .group         0x00000000        0xc bn_affine_bg_animate_actions.o
 .group         0x00000000        0xc bn_affine_bg_animate_actions.o
 .group         0x00000000        0xc bn_affine_bg_animate_actions.o
 .group         0x00000000        0xc bn_affine_bg_animate_actions.o
 .text          0x00000000        0x0 bn_affine_bg_animate_actions.o
 .data          0x00000000        0x0 bn_affine_bg_animate_actions.o
 .bss           0x00000000        0x0 bn_affine_bg_animate_actions.o
 .text._ZN2bn25iaffine_bg_animate_action9_set_refsERNS_13affine_bg_ptrERNS_18affine_bg_map_itemERNS_7ivectorItEE
                0x00000000        0x4 bn_affine_bg_animate_actions.o
 .text._ZN2bn25iaffine_bg_animate_action7_assignERKS0_
                0x00000000       0x10 bn_affine_bg_animate_actions.o
 .text._ZN2bn32iaffine_bg_cached_animate_action9_set_refsERNS_13affine_bg_ptrERNS_7ivectorINS_17affine_bg_map_ptrEEE
                0x00000000        0x4 bn_affine_bg_animate_actions.o
 .text._ZN2bn32iaffine_bg_cached_animate_action7_assignERKS0_
                0x00000000       0x10 bn_affine_bg_animate_actions.o
 .text._ZN3_bn6assert9show_argsIJA16_ciA4_ciEEEvPKcS5_S5_iDpRKT_
                0x00000000       0x58 bn_affine_bg_animate_actions.o
 .text._ZN3_bn6assert9show_argsIJA23_ciA4_ciEEEvPKcS5_S5_iDpRKT_
                0x00000000       0x58 bn_affine_bg_animate_actions.o
 .text._ZN3_bn6assert9show_argsIA15_cEEvPKcS4_S4_iRKT_
                0x00000000       0x48 bn_affine_bg_animate_actions.o
 .rodata._ZN2bn7ivectorINS_17affine_bg_map_ptrEE9push_backEOS1_.part.0.str1.4
                0x00000000       0x2b bn_affine_bg_animate_actions.o
 .text._ZN2bn7ivectorINS_17affine_bg_map_ptrEE9push_backEOS1_.part.0
                0x00000000       0x28 bn_affine_bg_animate_actions.o
 .rodata._ZN2bn25iaffine_bg_animate_action6updateEv.str1.4
                0x00000000       0x84 bn_affine_bg_animate_actions.o
 .text._ZN2bn25iaffine_bg_animate_action6updateEv
                0x00000000       0xb8 bn_affine_bg_animate_actions.o
 .text._ZN2bn32iaffine_bg_cached_animate_action6updateEv
[...]
Memory Configuration

Name             Origin             Length             Attributes
rom              0x08000000         0x02000000
iwram            0x03000000         0x00008000
ewram            0x02000000         0x00040000
*default*        0x00000000         0xffffffff

Linker script and memory map

                0x00000000                        __sync_synchronize = __sync_synchronize_none
                0x08000000                        __text_start = ORIGIN (rom)
                0x02040000                        __eheap_end = (ORIGIN (ewram) + LENGTH (ewram))
                0x03000000                        __iwram_start = ORIGIN (iwram)
                0x03008000                        __iwram_top = (ORIGIN (iwram) + LENGTH (iwram))
                0x03007fa0                        __sp_irq = (__iwram_top - 0x60)
                0x03007f00                        __sp_usr = (__sp_irq - 0xa0)
                0x03007ff8                        __irq_flags = 0x3007ff8
                0x08000000                        . = __text_start

.crt0           0x08000000      0x210
 *(.crt0)
 .crt0          0x08000000      0x210 C:/devkitPro/devkitARM/bin/../lib/gcc/arm-none-eabi/16.1.0/../../../../arm-none-eabi/lib/thumb/gba_crt0.o
                0x08000000                _start
                0x080000c4                __boot_method
                0x080000c5                __slave_number
                0x080000e0                start_vector
                0x08000210                        . = ALIGN (0x4)

.init           0x08000210        0xc
 *(SORT_NONE(.init))
 .init          0x08000210        0x4 C:/devkitPro/devkitARM/bin/../lib/gcc/arm-none-eabi/16.1.0/thumb/crti.o
                0x08000210                _init
 .init          0x08000214        0x8 C:/devkitPro/devkitARM/bin/../lib/gcc/arm-none-eabi/16.1.0/thumb/crtn.o

.plt            0x0800021c        0x0
 *(.plt)
                0x0800021c                        . = ALIGN (0x4)

.text           0x08000220     0xf250
 *(EXCLUDE_FILE(*.iwram*) .text*)
 .text.__do_global_dtors_aux
                0x08000220       0x2c C:/devkitPro/devkitARM/bin/../lib/gcc/arm-none-eabi/16.1.0/thumb/crtbegin.o
 .text.frame_dummy
                0x0800024c       0x24 C:/devkitPro/devkitARM/bin/../lib/gcc/arm-none-eabi/16.1.0/thumb/crtbegin.o
 .text.find_first_gbfs_file
                0x08000270       0xac libgbfs.o
                0x08000270                find_first_gbfs_file
 .text.gbfs_get_nth_obj
                0x0800031c       0x4c libgbfs.o
                0x0800031c                gbfs_get_nth_obj
 .text.gbfs_count_objs
                0x08000368        0x8 libgbfs.o
                0x08000368                gbfs_count_objs
 .text._ZN2bn21sprite_text_generatorD2Ev
                0x08000370       0x1c main.o
                0x08000370                bn::sprite_text_generator::~sprite_text_generator()
                0x08000370                bn::sprite_text_generator::~sprite_text_generator()
 .text._ZN2bn6vectorINS_10sprite_ptrELi16EED2Ev
                0x0800038c       0x24 main.o
                0x0800038c                bn::vector<bn::sprite_ptr, 16>::~vector()
                0x0800038c                bn::vector<bn::sprite_ptr, 16>::~vector()
 .text._ZN2bn6vectorINS_10sprite_ptrELi32EED2Ev
                0x080003b0       0x24 main.o
                0x080003b0                bn::vector<bn::sprite_ptr, 32>::~vector()
                0x080003b0                bn::vector<bn::sprite_ptr, 32>::~vector()
 .text._ZL20init_hud_static_textv
                0x080003d4       0xb4 main.o
 .text._ZN3_bn6assert9show_argsIJA16_ciA4_ciEEEvPKcS5_S5_iDpRKT_
                0x08000488       0x64 main.o
                0x08000488                void _bn::assert::show_args<char [16], int, char [4], int>(char const*, char const*, char const*, int, char const (&) [16], int const&, char const (&) [4], int const&)
 .text._ZN3_bn6assert9show_argsIA15_cEEvPKcS4_S4_iRKT_
                0x080004ec       0x48 main.o
                0x080004ec                void _bn::assert::show_args<char [15]>(char const*, char const*, char const*, int, char const (&) [15])
 .text._ZL10start_songv
                0x08000534      0x150 main.o
 .text.startup.main
                0x08000684      0x3c8 main.o
                0x08000684                main
 .text.startup._GLOBAL__sub_I_text_gen
                0x08000a4c       0x94 main.o
 .text._ZN2bn13ostringstream11append_argsIiJA4_ciEEEvRKT_DpRKT0_.isra.0
                0x08000ae0       0x24 bn_affine_bg_animate_actions.o
 .text._ZN3_bn6assert9show_argsIA24_ciEEvPKcS4_S4_iRKT_RKT0_
                0x08000b04       0x54 bn_affine_bg_animate_actions.o
                0x08000b04                void _bn::assert::show_args<char [24], int>(char const*, char const*, char const*, int, char const (&) [24], int const&)
 .text._ZN3_bn6assert9show_argsIA28_ciEEvPKcS4_S4_iRKT_RKT0_
                0x08000b58       0x54 bn_affine_bg_animate_actions.o
                0x08000b58                void _bn::assert::show_args<char [28], int>(char const*, char const*, char const*, int, char const (&) [28], int const&)
 .text._ZN3_bn6assert9show_argsIJA19_ciA4_ciEEEvPKcS5_S5_iDpRKT_
                0x08000bac       0x58 bn_affine_bg_animate_actions.o
                0x08000bac                void _bn::assert::show_args<char [19], int, char [4], int>(char const*, char const*, char const*, int, char const (&) [19], int const&, char const (&) [4], int const&)
 .text._ZN3_bn6assert9show_argsIA18_ciEEvPKcS4_S4_iRKT_RKT0_
                0x08000c04       0x54 bn_audio_manager.bn_noflto.o
                0x08000c04                void _bn::assert::show_args<char [18], int>(char const*, char const*, char const*, int, char const (&) [18], int const&)
 .text._ZN3_bn6assert9show_argsIA26_ciEEvPKcS4_S4_iRKT_RKT0_
                0x08000c58       0x54 bn_audio_manager.bn_noflto.o
                0x08000c58                void _bn::assert::show_args<char [26], int>(char const*, char const*, char const*, int, char const (&) [26], int const&)
 .text._ZN3_bn6assert9show_argsIA33_cEEvPKcS4_S4_iRKT_
                0x08000cac       0x48 bn_audio_manager.bn_noflto.o
                0x08000cac                void _bn::assert::show_args<char [33]>(char const*, char const*, char const*, int, char const (&) [33])
 .text._ZN3_bn6assert9show_argsIA25_cEEvPKcS4_S4_iRKT_
                0x08000cf4       0x48 bn_audio_manager.bn_noflto.o
                0x08000cf4                void _bn::assert::show_args<char [25]>(char const*, char const*, char const*, int, char const (&) [25])
 .text._ZN3_bn6assert9show_argsIA24_cEEvPKcS4_S4_iRKT_
                0x08000d3c       0x48 bn_audio_manager.bn_noflto.o
                0x08000d3c                void _bn::assert::show_args<char [24]>(char const*, char const*, char const*, int, char const (&) [24])
 .text._ZN3_bn6assert9show_argsIA20_cEEvPKcS4_S4_iRKT_
                0x08000d84       0x48 bn_audio_manager.bn_noflto.o
                0x08000d84                void _bn::assert::show_args<char [20]>(char const*, char const*, char const*, int, char const (&) [20])
 .text._ZN3_bn6assert9show_argsIA26_cEEvPKcS4_S4_iRKT_
                0x08000dcc       0x48 bn_audio_manager.bn_noflto.o
                0x08000dcc                void _bn::assert::show_args<char [26]>(char const*, char const*, char const*, int, char const (&) [26])
 .text._ZN3_bn6assert9show_argsIA21_cEEvPKcS4_S4_iRKT_
                0x08000e14       0x48 bn_audio_manager.bn_noflto.o
                0x08000e14                void _bn::assert::show_args<char [21]>(char const*, char const*, char const*, int, char const (&) [21])
 .text._ZN3_bn6assert9show_argsIA22_cEEvPKcS4_S4_iRKT_
                0x08000e5c       0x48 bn_audio_manager.bn_noflto.o
                0x08000e5c                void _bn::assert::show_args<char [22]>(char const*, char const*, char const*, int, char const (&) [22])
 .text._ZN3_bn6assert9show_argsIA17_cEEvPKcS4_S4_iRKT_
                0x08000ea4       0x48 bn_audio_manager.bn_noflto.o
                0x08000ea4                void _bn::assert::show_args<char [17]>(char const*, char const*, char const*, int, char const (&) [17])
 .text._ZN3_bn6assert9show_argsIA23_cEEvPKcS4_S4_iRKT_
                0x08000eec       0x48 bn_best_fit_allocator.o
                0x08000eec                void _bn::assert::show_args<char [23]>(char const*, char const*, char const*, int, char const (&) [23])
 .text._ZN3_bn6assert9show_argsIA16_ciEEvPKcS4_S4_iRKT_RKT0_
                0x08000f34       0x54 bn_best_fit_allocator.o
                0x08000f34                void _bn::assert::show_args<char [16], int>(char const*, char const*, char const*, int, char const (&) [16], int const&)
 .text._ZN3_bn6assert9show_argsIA20_ciEEvPKcS4_S4_iRKT_RKT0_
                0x08000f88       0x54 bn_best_fit_allocator.o
                0x08000f88                void _bn::assert::show_args<char [20], int>(char const*, char const*, char const*, int, char const (&) [20], int const&)
 .text._ZN3_bn6assert9show_argsIA14_cEEvPKcS4_S4_iRKT_
                0x08000fdc       0x48 bn_best_fit_allocator.o
                0x08000fdc                void _bn::assert::show_args<char [14]>(char const*, char const*, char const*, int, char const (&) [14])
 .text._ZN2bn18best_fit_allocator5resetEPvi
                0x08001024       0xd4 bn_best_fit_allocator.o
                0x08001024                bn::best_fit_allocator::reset(void*, int)
 .text._ZN2bn17bg_blocks_manager12_GLOBAL__N_1L17_hw_commit_offsetEPKtjtPt
                0x080010f8       0x74 bn_bg_blocks_manager.o
 .text._ZN2bn13ostringstream11append_argsIiJA4_ciEEEvRKT_DpRKT0_.isra.0
                0x0800116c       0x24 bn_bg_blocks_manager.o
 .text._ZNK2bn18regular_bg_map_ptr2idEv
                0x08001190       0x18 bn_bg_blocks_manager.o
                0x08001190                bn::regular_bg_map_ptr::id() const
 .text._ZNK2bn18regular_bg_map_ptr10dimensionsEv
                0x080011a8       0x20 bn_bg_blocks_manager.o
                0x080011a8                bn::regular_bg_map_ptr::dimensions() const
 .text._ZNK2bn18regular_bg_map_ptr3bppEv
                0x080011c8       0x1c bn_bg_blocks_manager.o
                0x080011c8                bn::regular_bg_map_ptr::bpp() const
 .text._ZNK2bn20regular_bg_tiles_ptr3cbbEv
                0x080011e4       0x18 bn_bg_blocks_manager.o
                0x080011e4                bn::regular_bg_tiles_ptr::cbb() const
 .text._ZNK2bn17affine_bg_map_ptr2idEv
                0x080011fc       0x18 bn_bg_blocks_manager.o
                0x080011fc                bn::affine_bg_map_ptr::id() const
 .text._ZNK2bn17affine_bg_map_ptr10dimensionsEv
                0x08001214       0x20 bn_bg_blocks_manager.o
                0x08001214                bn::affine_bg_map_ptr::dimensions() const
 .text._ZNK2bn19affine_bg_tiles_ptr3cbbEv
                0x08001234       0x18 bn_bg_blocks_manager.o
                0x08001234                bn::affine_bg_tiles_ptr::cbb() const
 .text._ZN2bn17bg_blocks_manager4initEv
                0x0800124c       0x94 bn_bg_blocks_manager.o
                0x0800124c                bn::bg_blocks_manager::init()
 .text._ZN2bn17bg_blocks_manager11must_commitEi
                0x080012e0       0x18 bn_bg_blocks_manager.o
                0x080012e0                bn::bg_blocks_manager::must_commit(int)
 .text._ZN2bn17bg_blocks_manager6updateEv
                0x080012f8      0x240 bn_bg_blocks_manager.o
                0x080012f8                bn::bg_blocks_manager::update()
 .text._ZN3_bn6assert9show_argsIA15_ciEEvPKcS4_S4_iRKT_RKT0_
                0x08001538       0x54 bn_bg_blocks_manager.o
                0x08001538                void _bn::assert::show_args<char [15], int>(char const*, char const*, char const*, int, char const (&) [15], int const&)
 .text._ZN3_bn6assert9show_argsIJA22_ciA4_ciEEEvPKcS5_S5_iDpRKT_
                0x0800158c       0x58 bn_bg_blocks_manager.o
                0x0800158c                void _bn::assert::show_args<char [22], int, char [4], int>(char const*, char const*, char const*, int, char const (&) [22], int const&, char const (&) [4], int const&)
 .text._ZN3_bn6assert9show_argsIJA58_ciA4_ciEEEvPKcS5_S5_iDpRKT_
                0x080015e4       0x58 bn_bg_blocks_manager.o
                0x080015e4                void _bn::assert::show_args<char [58], int, char [4], int>(char const*, char const*, char const*, int, char const (&) [58], int const&, char const (&) [4], int const&)
 .text._ZN3_bn6assert9show_argsIA27_ciEEvPKcS4_S4_iRKT_RKT0_
                0x0800163c       0x54 bn_bg_blocks_manager.o
                0x0800163c                void _bn::assert::show_args<char [27], int>(char const*, char const*, char const*, int, char const (&) [27], int const&)
 .text._ZN2bn17bg_blocks_manager12_GLOBAL__N_1L10_hw_commitEPKtNS_16compression_typeEibPt
                0x08001690       0x68 bn_bg_blocks_manager.o
 .text._ZN3_bn6assert9show_argsIA19_cEEvPKcS4_S4_iRKT_
                0x080016f8       0x48 bn_bg_blocks_manager.o
                0x080016f8                void _bn::assert::show_args<char [19]>(char const*, char const*, char const*, int, char const (&) [19])
 .text._ZN3_bn6assert9show_argsIA22_ciEEvPKcS4_S4_iRKT_RKT0_
                0x08001740       0x54 bn_bg_blocks_manager.o
                0x08001740                void _bn::assert::show_args<char [22], int>(char const*, char const*, char const*, int, char const (&) [22], int const&)
 .text._ZN3_bn6assert9show_argsIA31_cEEvPKcS4_S4_iRKT_
                0x08001794       0x48 bn_bg_blocks_manager.o
                0x08001794                void _bn::assert::show_args<char [31]>(char const*, char const*, char const*, int, char const (&) [31])
 .text._ZNK2bn8optionalINS_19affine_bg_tiles_ptrEEptEv.part.0
                0x080017dc       0x28 bn_bg_blocks_manager.o
 .text._ZN2bn17bg_blocks_manager22update_regular_map_colEiii
                0x08001804      0x1c0 bn_bg_blocks_manager.o
                0x08001804                bn::bg_blocks_manager::update_regular_map_col(int, int, int)
 .text._ZN2bn17bg_blocks_manager22update_regular_map_rowEiii
                0x080019c4      0x16c bn_bg_blocks_manager.o
                0x080019c4                bn::bg_blocks_manager::update_regular_map_row(int, int, int)
 .text._ZN2bn17bg_blocks_manager24set_regular_map_positionEiii
                0x08001b30      0x22c bn_bg_blocks_manager.o
                0x08001b30                bn::bg_blocks_manager::set_regular_map_position(int, int, int)
 .text._ZN2bn17bg_blocks_manager12_GLOBAL__N_1L12_commit_itemERKNS1_9item_typeEb
                0x08001d5c      0x1b8 bn_bg_blocks_manager.o
 .text._ZN2bn17bg_blocks_manager19commit_uncompressedEb
                0x08001f14       0xf0 bn_bg_blocks_manager.o
                0x08001f14                bn::bg_blocks_manager::commit_uncompressed(bool)
 .text._ZN2bn17bg_blocks_manager17commit_compressedEv
                0x08002004       0x48 bn_bg_blocks_manager.o
                0x08002004                bn::bg_blocks_manager::commit_compressed()
 .text._ZN2bn17bg_blocks_manager21update_affine_map_rowEiii
                0x0800204c      0x144 bn_bg_blocks_manager.o
                0x0800204c                bn::bg_blocks_manager::update_affine_map_row(int, int, int)
 .text._ZN2bn17bg_blocks_manager28update_affine_map_bottom_rowEiii
                0x08002190       0x30 bn_bg_blocks_manager.o
                0x08002190                bn::bg_blocks_manager::update_affine_map_bottom_row(int, int, int)
 .text._ZN2bn17bg_blocks_manager23set_affine_map_positionEiii
                0x080021c0      0x1d4 bn_bg_blocks_manager.o
                0x080021c0                bn::bg_blocks_manager::set_affine_map_position(int, int, int)
 .text._ZN2bn17bg_blocks_manager21update_affine_map_colEiii
                0x08002394      0x2f8 bn_bg_blocks_manager.o
                0x08002394                bn::bg_blocks_manager::update_affine_map_col(int, int, int)
 .text._ZN2bn17bg_blocks_manager27update_affine_map_right_colEiii
                0x0800268c       0x30 bn_bg_blocks_manager.o
                0x0800268c                bn::bg_blocks_manager::update_affine_map_right_col(int, int, int)
 .text._ZNK2bn8optionalINS_20regular_bg_tiles_ptrEEdeEv.part.0
                0x080026bc       0x28 bn_bg_blocks_manager.o
 .text._ZNK2bn17affine_bg_map_ptr5tilesEv
                0x080026e4       0x28 bn_bg_blocks_manager.o
                0x080026e4                bn::affine_bg_map_ptr::tiles() const
 .text._ZNK2bn18regular_bg_map_ptr5tilesEv
                0x0800270c       0x28 bn_bg_blocks_manager.o
                0x0800270c                bn::regular_bg_map_ptr::tiles() const
 .text._ZN3_bn6assert9show_argsIA39_ciEEvPKcS4_S4_iRKT_RKT0_
                0x08002734       0x54 bn_bg_blocks_manager.o
                0x08002734                void _bn::assert::show_args<char [39], int>(char const*, char const*, char const*, int, char const (&) [39], int const&)
 .text._ZN2bn11bgs_manager12_GLOBAL__N_1L33_update_item_hw_affine_attributesERKNS1_9item_typeE
                0x08002788       0x48 bn_bgs_manager.o
 .text._ZN2bn11bgs_manager4initEv
                0x080027d0       0x98 bn_bgs_manager.o
                0x080027d0                bn::bgs_manager::init()
 .text._ZN2bn11bgs_manager5hw_idEPv
                0x08002868        0x8 bn_bgs_manager.o
                0x08002868                bn::bgs_manager::hw_id(void*)
 .text._ZN2bn11bgs_manager11hw_positionEPv
                0x08002870        0x4 bn_bgs_manager.o
                0x08002870                bn::bgs_manager::hw_position(void*)
 .text._ZN2bn11bgs_manager14mat_attributesEPv
                0x08002874        0x4 bn_bgs_manager.o
                0x08002874                bn::bgs_manager::mat_attributes(void*)
 .text._ZN2bn11bgs_manager20update_windows_flagsEPj
                0x08002878       0x7c bn_bgs_manager.o
                0x08002878                bn::bgs_manager::update_windows_flags(unsigned int*)
 .text._ZN2bn11bgs_manager14update_camerasEv
                0x080028f4      0x138 bn_bgs_manager.o
                0x080028f4                bn::bgs_manager::update_cameras()
 .text._ZN2bn11bgs_manager36fill_hblank_effect_regular_positionsEiPKNS_7fixed_tILi12EEEPt
                0x08002a2c       0x30 bn_bgs_manager.o
                0x08002a2c                bn::bgs_manager::fill_hblank_effect_regular_positions(int, bn::fixed_t<12> const*, unsigned short*)
 .text._ZN2bn11bgs_manager45fill_hblank_effect_pivot_horizontal_positionsEPvPKNS_7fixed_tILi12EEEPj
                0x08002a5c       0x28 bn_bgs_manager.o
                0x08002a5c                bn::bgs_manager::fill_hblank_effect_pivot_horizontal_positions(void*, bn::fixed_t<12> const*, unsigned int*)
 .text._ZN2bn11bgs_manager43fill_hblank_effect_pivot_vertical_positionsEPvPKNS_7fixed_tILi12EEEPj
                0x08002a84       0x28 bn_bgs_manager.o
                0x08002a84                bn::bgs_manager::fill_hblank_effect_pivot_vertical_positions(void*, bn::fixed_t<12> const*, unsigned int*)
 .text._ZN2bn11bgs_manager36fill_hblank_effect_bitmap_attributesEPvPKNS_20bitmap_bg_attributesEPt
                0x08002aac       0x50 bn_bgs_manager.o
                0x08002aac                bn::bgs_manager::fill_hblank_effect_bitmap_attributes(void*, bn::bitmap_bg_attributes const*, unsigned short*)
 .text._ZN2bn11bgs_manager6commitEb
                0x08002afc       0x58 bn_bgs_manager.o
                0x08002afc                bn::bgs_manager::commit(bool)
 .text._ZN2bn11bgs_manager4stopEv
                0x08002b54       0x28 bn_bgs_manager.o
                0x08002b54                bn::bgs_manager::stop()
 .text._ZN3_bn6assert9show_argsIA30_cEEvPKcS4_S4_iRKT_
                0x08002b7c       0x48 bn_bgs_manager.o
                0x08002b7c                void _bn::assert::show_args<char [30]>(char const*, char const*, char const*, int, char const (&) [30])
 .text._ZNK2bn8optionalINS_17affine_bg_map_ptrEEdeEv.part.0
                0x08002bc4       0x28 bn_bgs_manager.o
 .text._ZN2bn11bgs_manager11regular_mapEPv
                0x08002bec       0x14 bn_bgs_manager.o
                0x08002bec                bn::bgs_manager::regular_map(void*)
 .text._ZN2bn11bgs_manager10affine_mapEPv
                0x08002c00       0x14 bn_bgs_manager.o
                0x08002c00                bn::bgs_manager::affine_map(void*)
 .text._ZN2bn8optionalINS_17affine_bg_map_ptrEEptEv.part.0
                0x08002c14       0x28 bn_bgs_manager.o
 .text._ZN2bn11bgs_manager15commit_big_mapsEv
                0x08002c3c      0x1ec bn_bgs_manager.o
                0x08002c3c                bn::bgs_manager::commit_big_maps()
 .text._ZN3_bn6assert9show_argsIA27_cEEvPKcS4_S4_iRKT_
                0x08002e28       0x48 bn_bgs_manager.o
                0x08002e28                void _bn::assert::show_args<char [27]>(char const*, char const*, char const*, int, char const (&) [27])
 .text._ZN2bn11bgs_manager36fill_hblank_effect_affine_attributesEPvPKNS_20affine_bg_attributesEPt
                0x08002e70       0xf4 bn_bgs_manager.o
                0x08002e70                bn::bgs_manager::fill_hblank_effect_affine_attributes(void*, bn::affine_bg_attributes const*, unsigned short*)
 .text._ZN2bn11bgs_manager37fill_hblank_effect_regular_attributesEPvPKNS_21regular_bg_attributesEPt
                0x08002f64       0xf8 bn_bgs_manager.o
                0x08002f64                bn::bgs_manager::fill_hblank_effect_regular_attributes(void*, bn::regular_bg_attributes const*, unsigned short*)
 .text._ZN2bn11bgs_manager15rebuild_handlesEv.part.0
                0x0800305c      0x288 bn_bgs_manager.o
 .text._ZN2bn11bgs_manager6updateEv
                0x080032e4      0x138 bn_bgs_manager.o
                0x080032e4                bn::bgs_manager::update()
 .text._ZN3_bn6assert9show_argsIA13_cEEvPKcS4_S4_iRKT_
                0x0800341c       0x48 bn_bgs_manager.o
                0x0800341c                void _bn::assert::show_args<char [13]>(char const*, char const*, char const*, int, char const (&) [13])
 .text._ZN2bn10camera_ptrC2ERKS0_
                0x08003464       0x20 bn_cameras_manager.o
                0x08003464                bn::camera_ptr::camera_ptr(bn::camera_ptr const&)
                0x08003464                bn::camera_ptr::camera_ptr(bn::camera_ptr const&)
 .text._ZN2bn10camera_ptraSERKS0_
                0x08003484       0x70 bn_cameras_manager.o
                0x08003484                bn::camera_ptr::operator=(bn::camera_ptr const&)
 .text._ZN2bn10camera_ptrD2Ev
                0x080034f4       0x38 bn_cameras_manager.o
                0x080034f4                bn::camera_ptr::~camera_ptr()
                0x080034f4                bn::camera_ptr::~camera_ptr()
 .text._ZNK2bn10camera_ptr8positionEv
                0x0800352c       0x14 bn_cameras_manager.o
                0x0800352c                bn::camera_ptr::position() const
 .text._ZN2bn15cameras_manager4initEv
                0x08003540       0x24 bn_cameras_manager.o
                0x08003540                bn::cameras_manager::init()
 .text._ZN2bn15cameras_manager6updateEv
                0x08003564       0x28 bn_cameras_manager.o
                0x08003564                bn::cameras_manager::update()
 .text._ZN2bn4core12_GLOBAL__N_1L12_vblank_intrEv
                0x0800358c       0x34 bn_core.o
 .text._ZN2bn4core12_GLOBAL__N_1L11update_implEv
                0x080035c0      0x184 bn_core.o
 .text._ZN2bn4core12_GLOBAL__N_1L4stopEb
                0x08003744       0x70 bn_core.o
 .text._ZN2bn4core6updateEv
                0x080037b4       0x78 bn_core.o
                0x080037b4                bn::core::update()
 .text._ZN2bn4core4initERKNS_8optionalINS_5colorEEERKNS_11string_viewE
                0x0800382c      0x138 bn_core.o
                0x0800382c                bn::core::init(bn::optional<bn::color> const&, bn::string_view const&)
 .text._ZN2bn4core4initEv
                0x08003964       0x20 bn_core.o
                0x08003964                bn::core::init()
 .text._ZN2bn4core17direct_audio_playEPKvm
                0x08003984       0xa8 bn_core.o
                0x08003984                bn::core::direct_audio_play(void const*, unsigned long)
 .text._ZN2bn4core25direct_audio_pause_toggleEv
                0x08003a2c       0x60 bn_core.o
                0x08003a2c                bn::core::direct_audio_pause_toggle()
 .text._ZN2bn4core23direct_audio_get_offsetEv
                0x08003a8c        0xc bn_core.o
                0x08003a8c                bn::core::direct_audio_get_offset()
 .text._ZN2bn4core23direct_audio_set_offsetEm
                0x08003a98       0x54 bn_core.o
                0x08003a98                bn::core::direct_audio_set_offset(unsigned long)
 .text._ZN3_bn6assert12_GLOBAL__N_1L10_show_implEPKcS3_S3_iRKN2bn11string_viewE
                0x08003aec       0xd0 bn_core.o
 .text._ZN3_bn6assert4showEPKcS2_S2_iRKN2bn12istring_baseE
                0x08003bbc       0x18 bn_core.o
                0x08003bbc                _bn::assert::show(char const*, char const*, char const*, int, bn::istring_base const&)
 .text._ZN2bn15display_manager12_GLOBAL__N_1L34_update_rect_windows_hw_boundariesEi
                0x08003bd4       0x84 bn_display_manager.o
 .text._ZN2bn15display_manager4initEv
                0x08003c58       0xa4 bn_display_manager.o
                0x08003c58                bn::display_manager::init()
 .text._ZN2bn15display_manager8set_modeEi
                0x08003cfc       0x1c bn_display_manager.o
                0x08003cfc                bn::display_manager::set_mode(int)
 .text._ZN2bn15display_manager14set_bg_enabledEib
                0x08003d18       0x1c bn_display_manager.o
                0x08003d18                bn::display_manager::set_bg_enabled(int, bool)
 .text._ZN2bn15display_manager15disable_all_bgsEv
                0x08003d34       0x18 bn_display_manager.o
                0x08003d34                bn::display_manager::disable_all_bgs()
 .text._ZN2bn15display_manager36fill_mosaic_hblank_effect_attributesEPKNS_17mosaic_attributesEPt
                0x08003d4c       0x98 bn_display_manager.o
                0x08003d4c                bn::display_manager::fill_mosaic_hblank_effect_attributes(bn::mosaic_attributes const*, unsigned short*)
 .text._ZN2bn15display_manager27set_blending_top_bg_enabledEib
                0x08003de4       0x20 bn_display_manager.o
                0x08003de4                bn::display_manager::set_blending_top_bg_enabled(int, bool)
 .text._ZN2bn15display_manager30set_blending_bottom_bg_enabledEib
                0x08003e04       0x20 bn_display_manager.o
                0x08003e04                bn::display_manager::set_blending_bottom_bg_enabled(int, bool)
 .text._ZN2bn15display_manager32blending_transparency_top_weightEv
                0x08003e24       0x18 bn_display_manager.o
                0x08003e24                bn::display_manager::blending_transparency_top_weight()
 .text._ZN2bn15display_manager35blending_transparency_bottom_weightEv
                0x08003e3c       0x28 bn_display_manager.o
                0x08003e3c                bn::display_manager::blending_transparency_bottom_weight()
 .text._ZN2bn15display_manager51fill_blending_transparency_hblank_effect_attributesEPKNS_32blending_transparency_attributesEPt
                0x08003e64       0x30 bn_display_manager.o
                0x08003e64                bn::display_manager::fill_blending_transparency_hblank_effect_attributes(bn::blending_transparency_attributes const*, unsigned short*)
 .text._ZN2bn15display_manager21blending_fade_enabledEv
                0x08003e94        0xc bn_display_manager.o
                0x08003e94                bn::display_manager::blending_fade_enabled()
 .text._ZN2bn15display_manager39fill_blending_fade_hblank_effect_alphasEPKNS_19blending_fade_alphaEPt
                0x08003ea0       0x24 bn_display_manager.o
                0x08003ea0                bn::display_manager::fill_blending_fade_hblank_effect_alphas(bn::blending_fade_alpha const*, unsigned short*)
 .text._ZN2bn15display_manager26update_windows_visible_bgsEv
                0x08003ec4       0x14 bn_display_manager.o
                0x08003ec4                bn::display_manager::update_windows_visible_bgs()
 .text._ZN2bn15display_manager36rect_window_hw_horizontal_boundariesEi
                0x08003ed8       0x18 bn_display_manager.o
                0x08003ed8                bn::display_manager::rect_window_hw_horizontal_boundaries(int)
 .text._ZN2bn15display_manager34rect_window_hw_vertical_boundariesEi
                0x08003ef0       0x18 bn_display_manager.o
                0x08003ef0                bn::display_manager::rect_window_hw_vertical_boundaries(int)
 .text._ZN2bn15display_manager52fill_rect_window_hblank_effect_horizontal_boundariesERKSt4pairIiiEPKS1_INS_7fixed_tILi12EEES6_EPt
                0x08003f08      0x13c bn_display_manager.o
                0x08003f08                bn::display_manager::fill_rect_window_hblank_effect_horizontal_boundaries(std::pair<int, int> const&, std::pair<bn::fixed_t<12>, bn::fixed_t<12> > const*, unsigned short*)
 .text._ZN2bn15display_manager50fill_rect_window_hblank_effect_vertical_boundariesERKSt4pairIiiEPKS1_INS_7fixed_tILi12EEES6_EPt
                0x08004044      0x13c bn_display_manager.o
                0x08004044                bn::display_manager::fill_rect_window_hblank_effect_vertical_boundaries(std::pair<int, int> const&, std::pair<bn::fixed_t<12>, bn::fixed_t<12> > const*, unsigned short*)
 .text._ZN2bn15display_manager36fill_green_swap_hblank_effect_statesEPKbPt
                0x08004180       0x34 bn_display_manager.o
                0x08004180                bn::display_manager::fill_green_swap_hblank_effect_states(bool const*, unsigned short*)
 .text._ZN2bn15display_manager14update_camerasEv
                0x080041b4       0x40 bn_display_manager.o
                0x080041b4                bn::display_manager::update_cameras()
 .text._ZN2bn15display_manager6updateEv
                0x080041f4      0x248 bn_display_manager.o
                0x080041f4                bn::display_manager::update()
 .text._ZN2bn15display_manager6commitEv
                0x0800443c      0x134 bn_display_manager.o
                0x0800443c                bn::display_manager::commit()
 .text._ZN2bn15display_manager4stopEv
                0x08004570       0x34 bn_display_manager.o
                0x08004570                bn::display_manager::stop()
 .text._ZN3_bn6assert9show_argsIA66_cEEvPKcS4_S4_iRKT_
                0x080045a4       0x48 bn_display_manager.o
                0x080045a4                void _bn::assert::show_args<char [66]>(char const*, char const*, char const*, int, char const (&) [66])
 .text._ZN2bn12gpio_manager5sleepEv
                0x080045ec       0x2c bn_gpio_manager.o
                0x080045ec                bn::gpio_manager::sleep()
 .text._ZN2bn22hblank_effects_manager12_GLOBAL__N_19item_type18_output_values_ptrEv
                0x08004618       0x40 bn_hblank_effects_manager.o
 .text._ZN2bn22hblank_effects_manager7disableEv
                0x08004658       0x24 bn_hblank_effects_manager.o
                0x08004658                bn::hblank_effects_manager::disable()
 .text._ZN2bn22hblank_effects_manager4stopEv
                0x0800467c       0x38 bn_hblank_effects_manager.o
                0x0800467c                bn::hblank_effects_manager::stop()
 .text._ZN2bn22hblank_effects_manager6commitEv
                0x080046b4       0x88 bn_hblank_effects_manager.o
                0x080046b4                bn::hblank_effects_manager::commit()
 .text._ZN2bn22hblank_effects_manager12_GLOBAL__N_1L10_is_uint32ENS0_12handler_typeE
                0x0800473c       0x60 bn_hblank_effects_manager.o
 .text._ZN2bn22hblank_effects_manager12_GLOBAL__N_19item_type12check_updateEv
                0x0800479c     0x16b8 bn_hblank_effects_manager.o
 .text._ZN2bn22hblank_effects_manager6updateEv
                0x08005e54      0x1f4 bn_hblank_effects_manager.o
                0x08005e54                bn::hblank_effects_manager::update()
 .text._ZN2bn7ivectorIaE9push_backEOa.part.0
                0x08006048       0x28 bn_hblank_effects_manager.o
 .text._ZN2bn22hblank_effects_manager4initEv
                0x08006070      0x15c bn_hblank_effects_manager.o
                0x08006070                bn::hblank_effects_manager::init()
 .text.startup._GLOBAL__sub_I__ZN2bn4hbes10used_countEv
                0x080061cc       0x14 bn_hblank_effects_manager.o
 .text._ZN2bn12hdma_manager4initEv
                0x080061e0       0x38 bn_hdma_manager.o
                0x080061e0                bn::hdma_manager::init()
 .text._ZN2bn12hdma_manager10force_stopEv
                0x08006218       0x5c bn_hdma_manager.o
                0x08006218                bn::hdma_manager::force_stop()
 .text._ZN2bn12hdma_manager7disableEv
                0x08006274       0x48 bn_hdma_manager.o
                0x08006274                bn::hdma_manager::disable()
 .text._ZN2bn12hdma_manager6updateEv
                0x080062bc       0x6c bn_hdma_manager.o
                0x080062bc                bn::hdma_manager::update()
 .text._ZN2bn12hdma_manager24commit_interrupt_handlerEv
                0x08006328       0x20 bn_hdma_manager.o
                0x08006328                bn::hdma_manager::commit_interrupt_handler()
 .text._ZN2bn12hdma_manager14commit_entriesEb
                0x08006348      0x168 bn_hdma_manager.o
                0x08006348                bn::hdma_manager::commit_entries(bool)
 .text._ZN2bn6keypad9a_pressedEv
                0x080064b0       0x10 bn_keypad_manager.o
                0x080064b0                bn::keypad::a_pressed()
 .text._ZN2bn6keypad9b_pressedEv
                0x080064c0       0x10 bn_keypad_manager.o
                0x080064c0                bn::keypad::b_pressed()
 .text._ZN2bn6keypad14select_pressedEv
                0x080064d0       0x10 bn_keypad_manager.o
                0x080064d0                bn::keypad::select_pressed()
 .text._ZN2bn6keypad13start_pressedEv
                0x080064e0       0x10 bn_keypad_manager.o
                0x080064e0                bn::keypad::start_pressed()
 .text._ZN2bn6keypad13right_pressedEv
                0x080064f0       0x10 bn_keypad_manager.o
                0x080064f0                bn::keypad::right_pressed()
 .text._ZN2bn6keypad12left_pressedEv
                0x08006500       0x10 bn_keypad_manager.o
                0x08006500                bn::keypad::left_pressed()
 .text._ZN2bn14keypad_manager4stopEv
                0x08006510        0x4 bn_keypad_manager.o
                0x08006510                bn::keypad_manager::stop()
 .text._ZN2bn14keypad_manager6updateEv
                0x08006514       0xa8 bn_keypad_manager.o
                0x08006514                bn::keypad_manager::update()
 .text._ZN2bn14keypad_manager4initERKNS_11string_viewE
                0x080065bc       0x64 bn_keypad_manager.o
                0x080065bc                bn::keypad_manager::init(bn::string_view const&)
 .text._ZN2bn12link_manager4initEv
                0x08006620        0xc bn_link_manager.o
                0x08006620                bn::link_manager::init()
 .text._ZN2bn12link_manager6activeEv
                0x0800662c        0xc bn_link_manager.o
                0x0800662c                bn::link_manager::active()
 .text._ZN2bn12link_manager7disableEv
                0x08006638       0x18 bn_link_manager.o
                0x08006638                bn::link_manager::disable()
 .text._ZN2bn12link_manager6commitEv
                0x08006650       0x18 bn_link_manager.o
                0x08006650                bn::link_manager::commit()
 .text._ZN2bn14memory_manager4initEv
                0x08006668       0x2c bn_memory_manager.o
                0x08006668                bn::memory_manager::init()
 .text._ZN2bn2hw8palettes9grayscaleEPKNS_5colorEiiPS2_.part.0
                0x08006694       0x40 bn_palettes_manager.o
 .text._ZN2bn18sprite_palette_ptrC2ERKS0_
                0x080066d4       0x1c bn_palettes_manager.o
                0x080066d4                bn::sprite_palette_ptr::sprite_palette_ptr(bn::sprite_palette_ptr const&)
                0x080066d4                bn::sprite_palette_ptr::sprite_palette_ptr(bn::sprite_palette_ptr const&)
 .text._ZNK2bn18sprite_palette_ptr3bppEv
                0x080066f0       0x1c bn_palettes_manager.o
                0x080066f0                bn::sprite_palette_ptr::bpp() const
 .text._ZNK2bn13palettes_bank10log_statusEv
                0x0800670c      0x17c bn_palettes_manager.o
                0x0800670c                bn::palettes_bank::log_status() const
 .text._ZN2bn13palettes_bank10find_bpp_4ERKNS_4spanIKNS_5colorEEEt
                0x08006888      0x114 bn_palettes_manager.o
                0x08006888                bn::palettes_bank::find_bpp_4(bn::span<bn::color const> const&, unsigned short)
 .text._ZNK2bn13palettes_bank20retrieve_commit_dataEv
                0x0800699c       0x4c bn_palettes_manager.o
                0x0800699c                bn::palettes_bank::retrieve_commit_data() const
 .text._ZNK2bn13palettes_bank7palette13apply_effectsEiPNS_5colorE
                0x080069e8       0xb0 bn_palettes_manager.o
                0x080069e8                bn::palettes_bank::palette::apply_effects(int, bn::color*) const
 .text._ZN2bn13palettes_bank15_update_paletteEi
                0x08006a98       0x70 bn_palettes_manager.o
                0x08006a98                bn::palettes_bank::_update_palette(int)
 .text._ZN2bn16palettes_manager4initERKNS_8optionalINS_5colorEEE
                0x08006b08      0x134 bn_palettes_manager.o
                0x08006b08                bn::palettes_manager::init(bn::optional<bn::color> const&)
 .text._ZN2bn16palettes_manager20sprite_palettes_bankEv
                0x08006c3c        0x8 bn_palettes_manager.o
                0x08006c3c                bn::palettes_manager::sprite_palettes_bank()
 .text._ZN2bn16palettes_manager16bg_palettes_bankEv
                0x08006c44        0x8 bn_palettes_manager.o
                0x08006c44                bn::palettes_manager::bg_palettes_bank()
 .text._ZN2bn16palettes_manager6commitEb
                0x08006c4c       0xf8 bn_palettes_manager.o
                0x08006c4c                bn::palettes_manager::commit(bool)
 .text._ZN2bn16palettes_manager4stopEv
                0x08006d44       0x20 bn_palettes_manager.o
                0x08006d44                bn::palettes_manager::stop()
 .text._ZN3_bn6assert9show_argsIA35_cEEvPKcS4_S4_iRKT_
                0x08006d64       0x48 bn_palettes_manager.o
                0x08006d64                void _bn::assert::show_args<char [35]>(char const*, char const*, char const*, int, char const (&) [35])
 .text._ZN2bn13palettes_bank11colors_hashERKNS_4spanIKNS_5colorEEE
                0x08006dac       0x48 bn_palettes_manager.o
                0x08006dac                bn::palettes_bank::colors_hash(bn::span<bn::color const> const&)
 .text._ZN3_bn6assert9show_argsIJA43_ciA38_cA42_cEEEvPKcS6_S6_iDpRKT_
                0x08006df4       0x64 bn_palettes_manager.o
                0x08006df4                void _bn::assert::show_args<char [43], int, char [38], char [42]>(char const*, char const*, char const*, int, char const (&) [43], int const&, char const (&) [38], char const (&) [42])
 .text._ZN2bn13palettes_bank12create_bpp_8ERKNS_4spanIKNS_5colorEEENS_16compression_typeEb
                0x08006e58      0x248 bn_palettes_manager.o
                0x08006e58                bn::palettes_bank::create_bpp_8(bn::span<bn::color const> const&, bn::compression_type, bool)
 .text._ZNK2bn13palettes_bank21_apply_global_effectsEiPNS_5colorE
                0x080070a0      0x190 bn_palettes_manager.o
                0x080070a0                bn::palettes_bank::_apply_global_effects(int, bn::color*) const
 .text._ZN2bn13palettes_bank6updateEv
                0x08007230      0x138 bn_palettes_manager.o
                0x08007230                bn::palettes_bank::update()
 .text._ZN2bn16palettes_manager6updateEv
                0x08007368       0x20 bn_palettes_manager.o
                0x08007368                bn::palettes_manager::update()
 .text._ZNK2bn13palettes_bank25fill_hblank_effect_colorsEiPKNS_5colorEPt
                0x08007388       0x44 bn_palettes_manager.o
                0x08007388                bn::palettes_bank::fill_hblank_effect_colors(int, bn::color const*, unsigned short*) const
 .text._ZNK2bn13palettes_bank25fill_hblank_effect_colorsEPKNS_5colorEPt
                0x080073cc       0x30 bn_palettes_manager.o
                0x080073cc                bn::palettes_bank::fill_hblank_effect_colors(bn::color const*, unsigned short*) const
 .text._ZNK2bn19sprite_palette_item10decompressENS_4spanINS_5colorEEE
                0x080073fc      0x168 bn_palettes_manager.o
                0x080073fc                bn::sprite_palette_item::decompress(bn::span<bn::color>) const
 .text._ZN2bn14iunordered_mapItsNS_15identity_hasherENS_8equal_toItEEE21insert_or_assign_hashEjOSt4pairIKtsE.isra.0
                0x08007564      0x108 bn_palettes_manager.o
 .text._ZN2bn13palettes_bank12create_bpp_4ERKNS_4spanIKNS_5colorEEEtb
                0x0800766c      0x168 bn_palettes_manager.o
                0x0800766c                bn::palettes_bank::create_bpp_4(bn::span<bn::color const> const&, unsigned short, bool)
 .text._ZN2bn12_GLOBAL__N_1L12_create_implERKNS_19sprite_palette_itemEb
                0x080077d4       0x88 bn_palettes_manager.o
 .text._ZN2bn18sprite_palette_ptr6createERKNS_19sprite_palette_itemE
                0x0800785c       0x48 bn_palettes_manager.o
                0x0800785c                bn::sprite_palette_ptr::create(bn::sprite_palette_item const&)
 .text._ZN2bn13palettes_bank30_erase_bpp_4_indexes_map_indexEt
                0x080078a4      0x1c4 bn_palettes_manager.o
                0x080078a4                bn::palettes_bank::_erase_bpp_4_indexes_map_index(unsigned short)
 .text._ZN2bn13palettes_bank15decrease_usagesEi
                0x08007a68       0x80 bn_palettes_manager.o
                0x08007a68                bn::palettes_bank::decrease_usages(int)
 .text._ZN2bn18sprite_palette_ptrD2Ev
                0x08007ae8       0x20 bn_palettes_manager.o
                0x08007ae8                bn::sprite_palette_ptr::~sprite_palette_ptr()
                0x08007ae8                bn::sprite_palette_ptr::~sprite_palette_ptr()
 .text._ZN2bn26sprite_affine_mats_manager12_GLOBAL__N_1L19_sprite_double_sizeILi32ELi16EEEbiiiii
                0x08007b08       0x84 bn_sprite_affine_mats_manager.o
 .text._ZN2bn26sprite_affine_mats_manager12_GLOBAL__N_1L19_sprite_double_sizeILi16ELi32EEEbiiiii
                0x08007b8c       0x84 bn_sprite_affine_mats_manager.o
 .text._ZNK2bn26sprite_affine_mats_manager12_GLOBAL__N_19item_type18sprite_double_sizeEiRKNS_17sprite_shape_sizeE.isra.0
                0x08007c10      0x1ac bn_sprite_affine_mats_manager.o
 .text._ZNK2bn21sprite_affine_mat_ptr15horizontal_flipEv
                0x08007dbc       0x18 bn_sprite_affine_mats_manager.o
                0x08007dbc                bn::sprite_affine_mat_ptr::horizontal_flip() const
 .text._ZNK2bn21sprite_affine_mat_ptr13vertical_flipEv
                0x08007dd4       0x18 bn_sprite_affine_mats_manager.o
                0x08007dd4                bn::sprite_affine_mat_ptr::vertical_flip() const
 .text._ZNK2bn21sprite_affine_mat_ptr16flipped_identityEv
                0x08007dec       0x14 bn_sprite_affine_mats_manager.o
                0x08007dec                bn::sprite_affine_mat_ptr::flipped_identity() const
 .text._ZN2bn26sprite_affine_mats_manager13attach_spriteEiRNS_24intrusive_list_node_typeE
                0x08007e00       0x2c bn_sprite_affine_mats_manager.o
                0x08007e00                bn::sprite_affine_mats_manager::attach_sprite(int, bn::intrusive_list_node_type&)
 .text._ZN2bn26sprite_affine_mats_manager18sprite_double_sizeEiRKNS_17sprite_shape_sizeE
                0x08007e2c       0x54 bn_sprite_affine_mats_manager.o
                0x08007e2c                bn::sprite_affine_mats_manager::sprite_double_size(int, bn::sprite_shape_size const&)
 .text._ZN2bn26sprite_affine_mats_manager20retrieve_commit_dataEv
                0x08007e80       0x38 bn_sprite_affine_mats_manager.o
                0x08007e80                bn::sprite_affine_mats_manager::retrieve_commit_data()
 .text._ZN3_bn6assert9show_argsIA37_cEEvPKcS4_S4_iRKT_
                0x08007eb8       0x48 bn_sprite_affine_mats_manager.o
                0x08007eb8                void _bn::assert::show_args<char [37]>(char const*, char const*, char const*, int, char const (&) [37])
 .text._ZN3_bn6assert9show_argsIA16_cEEvPKcS4_S4_iRKT_
                0x08007f00       0x48 bn_sprite_affine_mats_manager.o
                0x08007f00                void _bn::assert::show_args<char [16]>(char const*, char const*, char const*, int, char const (&) [16])
 .text._ZN2bn7ivectorIaE9push_backEOa.part.0
                0x08007f48       0x28 bn_sprite_affine_mats_manager.o
 .text._ZN2bn26sprite_affine_mats_manager4initEPv
                0x08007f70       0xe0 bn_sprite_affine_mats_manager.o
                0x08007f70                bn::sprite_affine_mats_manager::init(void*)
 .text._ZN2bn21sprite_affine_mat_ptrD2Ev
                0x08008050       0x74 bn_sprite_affine_mats_manager.o
                0x08008050                bn::sprite_affine_mat_ptr::~sprite_affine_mat_ptr()
                0x08008050                bn::sprite_affine_mat_ptr::~sprite_affine_mat_ptr()
 .text._ZN2bn26sprite_affine_mats_manager6updateEv
                0x080080c4      0x2d8 bn_sprite_affine_mats_manager.o
                0x080080c4                bn::sprite_affine_mats_manager::update()
 .text._ZN2bn26sprite_affine_mats_manager14dettach_spriteEiRNS_24intrusive_list_node_typeE
                0x0800839c       0x4c bn_sprite_affine_mats_manager.o
                0x0800839c                bn::sprite_affine_mats_manager::dettach_sprite(int, bn::intrusive_list_node_type&)
 .text._ZN2bn12_GLOBAL__N_1L14_setup_builderERKNS_21sprite_text_generatorERNS_14sprite_builderE
                0x080083e8       0x68 bn_sprite_text_generator.o
 .text._ZN2bn21sprite_text_generator5_initEv
                0x08008450      0x1b4 bn_sprite_text_generator.o
                0x08008450                bn::sprite_text_generator::_init()
 .text._ZN2bn21sprite_text_generatorC2ERKNS_11sprite_fontE
                0x08008604       0x38 bn_sprite_text_generator.o
                0x08008604                bn::sprite_text_generator::sprite_text_generator(bn::sprite_font const&)
                0x08008604                bn::sprite_text_generator::sprite_text_generator(bn::sprite_font const&)
 .text._ZN3_bn6assert9show_argsIA54_cEEvPKcS4_S4_iRKT_
                0x0800863c       0x48 bn_sprite_text_generator.o
                0x0800863c                void _bn::assert::show_args<char [54]>(char const*, char const*, char const*, int, char const (&) [54])
 .text._ZNK2bn17sprite_tiles_item18graphics_tiles_refEi.part.0
                0x08008684       0x24 bn_sprite_text_generator.o
 .text._ZN3_bn6assert9show_argsIJA25_ciA4_ctEEEvPKcS5_S5_iDpRKT_
                0x080086a8       0x64 bn_sprite_text_generator.o
                0x080086a8                void _bn::assert::show_args<char [25], int, char [4], unsigned short>(char const*, char const*, char const*, int, char const (&) [25], int const&, char const (&) [4], unsigned short const&)
 .text._ZN2bn8optionalINS_16sprite_tiles_ptrEEdeEv.part.0
                0x0800870c       0x28 bn_sprite_text_generator.o
 .text._ZN2bn8optionalINS_4spanINS_4tileEEEEptEv.part.0
                0x08008734       0x28 bn_sprite_text_generator.o
 .text._ZN2bn14utf8_characterC2ERKc
                0x0800875c      0x140 bn_sprite_text_generator.o
                0x0800875c                bn::utf8_character::utf8_character(char const&)
                0x0800875c                bn::utf8_character::utf8_character(char const&)
 .text._ZN2bn12_GLOBAL__N_1L15_graphics_indexEcRKNS_23utf8_characters_map_refEPKcRi.part.0
                0x0800889c       0x8c bn_sprite_text_generator.o
 .text._ZN3_bn6assert9show_argsIJA20_ccA9_cN2bn11string_viewEA2_cEEEvPKcS8_S8_iDpRKT_
                0x08008928       0x6c bn_sprite_text_generator.o
                0x08008928                void _bn::assert::show_args<char [20], char, char [9], bn::string_view, char [2]>(char const*, char const*, char const*, int, char const (&) [20], char const&, char const (&) [9], bn::string_view const&, char const (&) [2])
 .text._ZNK2bn21sprite_text_generator5widthERKNS_11string_viewE
                0x08008994      0x240 bn_sprite_text_generator.o
                0x08008994                bn::sprite_text_generator::width(bn::string_view const&) const
 .text._ZN3_bn6assert9show_argsIA55_cEEvPKcS4_S4_iRKT_
                0x08008bd4       0x48 bn_sprite_text_generator.o
                0x08008bd4                void _bn::assert::show_args<char [55]>(char const*, char const*, char const*, int, char const (&) [55])
 .text._ZN2bn12_GLOBAL__N_1L20_build_sprite_assertILNS_11sprite_sizeE1EEEPNS_4tileERKNS_21sprite_text_generatorERKNS_18sprite_palette_ptrERKNS_13fixed_point_tILi12EEERNS_7ivectorINS_10sprite_ptrEEE
                0x08008c1c      0x17c bn_sprite_text_generator.o
 .text._ZN2bn12_GLOBAL__N_1L20_build_sprite_assertILNS_11sprite_sizeE2EEEPNS_4tileERKNS_21sprite_text_generatorERKNS_18sprite_palette_ptrERKNS_13fixed_point_tILi12EEERNS_7ivectorINS_10sprite_ptrEEE
                0x08008d98      0x17c bn_sprite_text_generator.o
 .text._ZN2bn12_GLOBAL__N_1L9_generateILb0EEEbRKNS_21sprite_text_generatorERKNS_13fixed_point_tILi12EEERKNS_11string_viewERKNS_23utf8_characters_map_refEiibRNS_7ivectorINS_10sprite_ptrEEE.isra.0
                0x08008f14     0x1164 bn_sprite_text_generator.o
 .text._ZNK2bn21sprite_text_generator8generateENS_7fixed_tILi12EEES2_RKNS_11string_viewERNS_7ivectorINS_10sprite_ptrEEE
                0x0800a078       0x40 bn_sprite_text_generator.o
                0x0800a078                bn::sprite_text_generator::generate(bn::fixed_t<12>, bn::fixed_t<12>, bn::string_view const&, bn::ivector<bn::sprite_ptr>&) const
 .text._ZNK2bn16sprite_tiles_ptr2idEv
                0x0800a0b8       0x18 bn_sprite_tiles_manager.o
                0x0800a0b8                bn::sprite_tiles_ptr::id() const
 .text._ZNK2bn16sprite_tiles_ptr11tiles_countEv
                0x0800a0d0       0x18 bn_sprite_tiles_manager.o
                0x0800a0d0                bn::sprite_tiles_ptr::tiles_count() const
 .text._ZN2bn20sprite_tiles_manager10log_statusEv
                0x0800a0e8      0x1ec bn_sprite_tiles_manager.o
                0x0800a0e8                bn::sprite_tiles_manager::log_status()
 .text._ZN2bn20sprite_tiles_manager19commit_uncompressedEb
                0x0800a2d4       0xc4 bn_sprite_tiles_manager.o
                0x0800a2d4                bn::sprite_tiles_manager::commit_uncompressed(bool)
 .text._ZNK2bn17sprite_tiles_item18graphics_tiles_refEi.part.0
                0x0800a398       0x24 bn_sprite_tiles_manager.o
 .text._ZN3_bn6assert9show_argsIA27_chEEvPKcS4_S4_iRKT_RKT0_
                0x0800a3bc       0x54 bn_sprite_tiles_manager.o
                0x0800a3bc                void _bn::assert::show_args<char [27], unsigned char>(char const*, char const*, char const*, int, char const (&) [27], unsigned char const&)
 .text._ZN3_bn6assert9show_argsIJA44_cPKN2bn4tileEA4_cS6_EEEvPKcS9_S9_iDpRKT_
                0x0800a410       0x64 bn_sprite_tiles_manager.o
                0x0800a410                void _bn::assert::show_args<char [44], bn::tile const*, char [4], bn::tile const*>(char const*, char const*, char const*, int, char const (&) [44], bn::tile const* const&, char const (&) [4], bn::tile const* const&)
 .text._ZN3_bn6assert9show_argsIJA46_ciA4_cjEEEvPKcS5_S5_iDpRKT_
                0x0800a474       0x64 bn_sprite_tiles_manager.o
                0x0800a474                void _bn::assert::show_args<char [46], int, char [4], unsigned int>(char const*, char const*, char const*, int, char const (&) [46], int const&, char const (&) [4], unsigned int const&)
 .text._ZN2bn20sprite_tiles_manager12_GLOBAL__N_1L10_hw_commitEPKNS_4tileENS_16compression_typeEii
                0x0800a4d8       0x88 bn_sprite_tiles_manager.o
 .text._ZN2bn20sprite_tiles_manager17commit_compressedEv
                0x0800a560       0x5c bn_sprite_tiles_manager.o
                0x0800a560                bn::sprite_tiles_manager::commit_compressed()
 .text._ZN3_bn6assert9show_argsIJA28_cA15_cPKN2bn4tileEA16_ciA34_cNS4_11string_viewEEEEvPKcSC_SC_iDpRKT_
                0x0800a5bc       0x7c bn_sprite_tiles_manager.o
                0x0800a5bc                void _bn::assert::show_args<char [28], char [15], bn::tile const*, char [16], int, char [34], bn::string_view>(char const*, char const*, char const*, int, char const (&) [28], char const (&) [15], bn::tile const* const&, char const (&) [16], int const&, char const (&) [34], bn::string_view const&)
 .text._ZN3_bn6assert9show_argsIJA44_ciA34_cN2bn11string_viewEEEEvPKcS7_S7_iDpRKT_
                0x0800a638       0x64 bn_sprite_tiles_manager.o
                0x0800a638                void _bn::assert::show_args<char [44], int, char [34], bn::string_view>(char const*, char const*, char const*, int, char const (&) [44], int const&, char const (&) [34], bn::string_view const&)
 .text._ZN2bn7ivectorItE9push_backEOt.part.0
                0x0800a69c       0x28 bn_sprite_tiles_manager.o
 .text._ZN2bn20sprite_tiles_manager4initEv
                0x0800a6c4      0x160 bn_sprite_tiles_manager.o
                0x0800a6c4                bn::sprite_tiles_manager::init()
 .text._ZN2bn20sprite_tiles_manager12_GLOBAL__N_1L17_insert_free_itemEi
                0x0800a824       0xf0 bn_sprite_tiles_manager.o
 .text._ZN2bn20sprite_tiles_manager12_GLOBAL__N_1L16_erase_free_itemEi
                0x0800a914       0xfc bn_sprite_tiles_manager.o
 .text._ZN2bn20sprite_tiles_manager12_GLOBAL__N_1L21_erase_to_commit_itemEiRNS1_9item_typeE.part.0
                0x0800aa10       0xac bn_sprite_tiles_manager.o
 .text._ZN2bn20sprite_tiles_manager15decrease_usagesEi
                0x0800aabc      0x148 bn_sprite_tiles_manager.o
                0x0800aabc                bn::sprite_tiles_manager::decrease_usages(int)
 .text._ZN2bn16sprite_tiles_ptrD2Ev
                0x0800ac04       0x18 bn_sprite_tiles_manager.o
                0x0800ac04                bn::sprite_tiles_ptr::~sprite_tiles_ptr()
                0x0800ac04                bn::sprite_tiles_ptr::~sprite_tiles_ptr()
 .text._ZN2bn20sprite_tiles_manager12_GLOBAL__N_1L10_find_implEPKNS_4tileENS_16compression_typeEi
                0x0800ac1c      0x2d0 bn_sprite_tiles_manager.o
 .text._ZN2bn20sprite_tiles_manager4vramEi
                0x0800aeec       0x3c bn_sprite_tiles_manager.o
                0x0800aeec                bn::sprite_tiles_manager::vram(int)
 .text._ZN2bn16sprite_tiles_ptr4vramEv
                0x0800af28       0x14 bn_sprite_tiles_manager.o
                0x0800af28                bn::sprite_tiles_ptr::vram()
 .text._ZN2bn20sprite_tiles_manager12_GLOBAL__N_1L21_erase_items_map_itemEPKNS_4tileE
                0x0800af3c      0x208 bn_sprite_tiles_manager.o
 .text._ZN2bn20sprite_tiles_manager12_GLOBAL__N_1L12_create_itemEiPKNS_4tileENS_16compression_typeEib
                0x0800b144      0x204 bn_sprite_tiles_manager.o
 .text._ZN2bn20sprite_tiles_manager12_GLOBAL__N_1L14_allocate_implEi
                0x0800b348      0x110 bn_sprite_tiles_manager.o
 .text._ZN2bn20sprite_tiles_manager8allocateEiNS_8bpp_modeE
                0x0800b458       0xc0 bn_sprite_tiles_manager.o
                0x0800b458                bn::sprite_tiles_manager::allocate(int, bn::bpp_mode)
 .text._ZN2bn16sprite_tiles_ptr8allocateEiNS_8bpp_modeE
                0x0800b518       0x18 bn_sprite_tiles_manager.o
                0x0800b518                bn::sprite_tiles_ptr::allocate(int, bn::bpp_mode)
 .text._ZN2bn20sprite_tiles_manager6updateEv
                0x0800b530      0x19c bn_sprite_tiles_manager.o
                0x0800b530                bn::sprite_tiles_manager::update()
 .text._ZN2bn20sprite_tiles_manager12_GLOBAL__N_1L12_create_implEPKNS_4tileENS_16compression_typeEi
                0x0800b6cc      0x204 bn_sprite_tiles_manager.o
 .text._ZN2bn20sprite_tiles_manager12_GLOBAL__N_1L22_insert_items_map_itemEPKNS_4tileEi
                0x0800b8d0       0xc0 bn_sprite_tiles_manager.o
 .text._ZN2bn20sprite_tiles_manager6createERKNS_4spanIKNS_4tileEEENS_16compression_typeE
                0x0800b990       0x90 bn_sprite_tiles_manager.o
                0x0800b990                bn::sprite_tiles_manager::create(bn::span<bn::tile const> const&, bn::compression_type)
 .text._ZN2bn16sprite_tiles_ptr6createERKNS_17sprite_tiles_itemEi
                0x0800ba20       0xb0 bn_sprite_tiles_manager.o
                0x0800ba20                bn::sprite_tiles_ptr::create(bn::sprite_tiles_item const&, int)
 .text._ZN2bn15sprites_manager12_GLOBAL__N_1L32_always_update_indexes_to_commitERKNS_20sprites_manager_itemE
                0x0800bad0       0x4c bn_sprites_manager.o
 .text._ZN2bn13ostringstream11append_argsIiJA4_ciEEEvRKT_DpRKT0_.isra.0
                0x0800bb1c       0x24 bn_sprites_manager.o
 .text._ZN2bn15sprites_manager12_GLOBAL__N_1L23_update_item_dimensionsERNS_20sprites_manager_itemE
                0x0800bb40       0xc0 bn_sprites_manager.o
 .text._ZNK2bn10sprite_ptr1xEv
                0x0800bc00        0x8 bn_sprites_manager.o
                0x0800bc00                bn::sprite_ptr::x() const
 .text._ZN2bn10sprite_ptr5set_xENS_7fixed_tILi12EEE
                0x0800bc08       0x48 bn_sprites_manager.o
                0x0800bc08                bn::sprite_ptr::set_x(bn::fixed_t<12>)
 .text._ZN2bn15sprites_manager4initEv
                0x0800bc50       0xd4 bn_sprites_manager.o
                0x0800bc50                bn::sprites_manager::init()
 .text._ZN2bn15sprites_manager5hw_idEPv
                0x0800bd24        0x8 bn_sprites_manager.o
                0x0800bd24                bn::sprites_manager::hw_id(void*)
 .text._ZN2bn15sprites_manager5shapeEPv
                0x0800bd2c        0x8 bn_sprites_manager.o
                0x0800bd2c                bn::sprites_manager::shape(void*)
 .text._ZN2bn15sprites_manager4sizeEPv
                0x0800bd34        0x8 bn_sprites_manager.o
                0x0800bd34                bn::sprites_manager::size(void*)
 .text._ZN2bn15sprites_manager10shape_sizeEPv
                0x0800bd3c       0x14 bn_sprites_manager.o
                0x0800bd3c                bn::sprites_manager::shape_size(void*)
 .text._ZN2bn15sprites_manager11hw_positionEPv
                0x0800bd50        0x4 bn_sprites_manager.o
                0x0800bd50                bn::sprites_manager::hw_position(void*)
 .text._ZN2bn15sprites_manager9view_modeEPv
                0x0800bd54        0xc bn_sprites_manager.o
                0x0800bd54                bn::sprites_manager::view_mode(void*)
 .text._ZN2bn15sprites_manager10affine_matEPv
                0x0800bd60        0x4 bn_sprites_manager.o
                0x0800bd60                bn::sprites_manager::affine_mat(void*)
 .text._ZN2bn15sprites_manager39fill_hblank_effect_horizontal_positionsEPviPKNS_7fixed_tILi12EEEPt
                0x0800bd64       0x4c bn_sprites_manager.o
                0x0800bd64                bn::sprites_manager::fill_hblank_effect_horizontal_positions(void*, int, bn::fixed_t<12> const*, unsigned short*)
 .text._ZN2bn15sprites_manager37fill_hblank_effect_vertical_positionsEPviPKNS_7fixed_tILi12EEEPt
                0x0800bdb0       0x4c bn_sprites_manager.o
                0x0800bdb0                bn::sprites_manager::fill_hblank_effect_vertical_positions(void*, int, bn::fixed_t<12> const*, unsigned short*)
 .text._ZN2bn15sprites_manager35fill_hblank_effect_first_attributesEiNS_12sprite_shapeENS_8bpp_modeEiPKNS_23sprite_first_attributesEPt
                0x0800bdfc       0xc8 bn_sprites_manager.o
                0x0800bdfc                bn::sprites_manager::fill_hblank_effect_first_attributes(int, bn::sprite_shape, bn::bpp_mode, int, bn::sprite_first_attributes const*, unsigned short*)
 .text._ZN2bn15sprites_manager44fill_hblank_effect_regular_second_attributesEPviNS_11sprite_sizeEPKNS_32sprite_regular_second_attributesEPt
                0x0800bec4       0x60 bn_sprites_manager.o
                0x0800bec4                bn::sprites_manager::fill_hblank_effect_regular_second_attributes(void*, int, bn::sprite_size, bn::sprite_regular_second_attributes const*, unsigned short*)
 .text._ZN2bn15sprites_manager43fill_hblank_effect_affine_second_attributesEPviNS_11sprite_sizeEPKNS_31sprite_affine_second_attributesEPt
                0x0800bf24       0x58 bn_sprites_manager.o
                0x0800bf24                bn::sprites_manager::fill_hblank_effect_affine_second_attributes(void*, int, bn::sprite_size, bn::sprite_affine_second_attributes const*, unsigned short*)
 .text._ZN2bn15sprites_manager14update_camerasEv
                0x0800bf7c       0x20 bn_sprites_manager.o
                0x0800bf7c                bn::sprites_manager::update_cameras()
 .text._ZN2bn15sprites_manager23update_auto_double_sizeEPv
                0x0800bf9c       0x2c bn_sprites_manager.o
                0x0800bf9c                bn::sprites_manager::update_auto_double_size(void*)
 .text._ZN2bn15sprites_manager6commitEb
                0x0800bfc8       0xa4 bn_sprites_manager.o
                0x0800bfc8                bn::sprites_manager::commit(bool)
 .text._ZN2bn14sprite_builder20set_blending_enabledEb
                0x0800c06c       0x3c bn_sprites_manager.o
                0x0800c06c                bn::sprite_builder::set_blending_enabled(bool)
 .text._ZNK2bn17sprite_shape_size6heightEv.isra.0
                0x0800c0a8       0xcc bn_sprites_manager.o
 .text._ZNK2bn17sprite_shape_size5widthEv.isra.0
                0x0800c174       0xc8 bn_sprites_manager.o
 .text._ZN2bn8optionalINS_18sprite_palette_ptrEEdeEv.part.0
                0x0800c23c       0x28 bn_sprites_manager.o
 .text._ZN2bn15sprites_manager12_GLOBAL__N_1L18_remove_affine_matERNS_20sprites_manager_itemE
                0x0800c264       0xc4 bn_sprites_manager.o
 .text._ZN2bn15sprites_manager42remove_identity_affine_mat_when_not_neededEPv
                0x0800c328        0xc bn_sprites_manager.o
                0x0800c328                bn::sprites_manager::remove_identity_affine_mat_when_not_needed(void*)
 .text._ZN2bn8optionalINS_16sprite_tiles_ptrEEptEv.part.0
                0x0800c334       0x28 bn_sprites_manager.o
 .text._ZNK2bn8optionalINS_16sprite_tiles_ptrEEdeEv.part.0
                0x0800c35c       0x28 bn_sprites_manager.o
 .text._ZN2bn15sprites_manager7paletteEPv
                0x0800c384       0x14 bn_sprites_manager.o
                0x0800c384                bn::sprites_manager::palette(void*)
 .text._ZN2bn20sprites_manager_item13_builder_initERKNS_14sprite_builderE
                0x0800c398      0x320 bn_sprites_manager.o
                0x0800c398                bn::sprites_manager_item::_builder_init(bn::sprite_builder const&)
 .text._ZN2bn14sprite_builder11set_z_orderEi
                0x0800c6b8       0x48 bn_sprites_manager.o
                0x0800c6b8                bn::sprite_builder::set_z_order(int)
 .text._ZN2bn14sprite_builderC2ERKNS_17sprite_shape_sizeENS_16sprite_tiles_ptrENS_18sprite_palette_ptrE
                0x0800c700      0x26c bn_sprites_manager.o
                0x0800c700                bn::sprite_builder::sprite_builder(bn::sprite_shape_size const&, bn::sprite_tiles_ptr, bn::sprite_palette_ptr)
                0x0800c700                bn::sprite_builder::sprite_builder(bn::sprite_shape_size const&, bn::sprite_tiles_ptr, bn::sprite_palette_ptr)
 .text._ZN2bn14sprite_builder15set_bg_priorityEi
                0x0800c96c       0x38 bn_sprites_manager.o
                0x0800c96c                bn::sprite_builder::set_bg_priority(int)
 .text._ZN2bn15sprites_manager6updateEv
                0x0800c9a4      0x13c bn_sprites_manager.o
                0x0800c9a4                bn::sprites_manager::update()
 .text._ZN3_bn6assert9show_argsIJA27_ciA4_ciEEEvPKcS5_S5_iDpRKT_
                0x0800cae0       0x58 bn_sprites_manager.o
                0x0800cae0                void _bn::assert::show_args<char [27], int, char [4], int>(char const*, char const*, char const*, int, char const (&) [27], int const&, char const (&) [4], int const&)
 .text._ZN2bn15sprites_manager35fill_hblank_effect_third_attributesENS_17sprite_shape_sizeEPKNS_23sprite_third_attributesEPt
                0x0800cb38      0x2c0 bn_sprites_manager.o
                0x0800cb38                bn::sprites_manager::fill_hblank_effect_third_attributes(bn::sprite_shape_size, bn::sprite_third_attributes const*, unsigned short*)
 .text._ZN2bn14sorted_sprites6sorter6insertERNS_20sprites_manager_itemE
                0x0800cdf8      0x184 bn_sprites_manager.o
                0x0800cdf8                bn::sorted_sprites::sorter::insert(bn::sprites_manager_item&)
 .text._ZN2bn15sprites_manager6createEONS_14sprite_builderE
                0x0800cf7c      0x1f8 bn_sprites_manager.o
                0x0800cf7c                bn::sprites_manager::create(bn::sprite_builder&&)
 .text._ZN2bn10sprite_ptr6createEONS_14sprite_builderE
                0x0800d174       0x14 bn_sprites_manager.o
                0x0800d174                bn::sprite_ptr::create(bn::sprite_builder&&)
 .text._ZN2bn14intrusive_listINS_20sprites_manager_itemEE5eraseENS2_14const_iteratorE.part.0
                0x0800d188       0x28 bn_sprites_manager.o
 .text._ZN2bn15sprites_manager15decrease_usagesEPv
                0x0800d1b0      0x164 bn_sprites_manager.o
                0x0800d1b0                bn::sprites_manager::decrease_usages(void*)
 .text._ZN2bn10sprite_ptrD2Ev
                0x0800d314       0x18 bn_sprites_manager.o
                0x0800d314                bn::sprite_ptr::~sprite_ptr()
                0x0800d314                bn::sprite_ptr::~sprite_ptr()
 .text._ZN2bn13ostringstreamC2ERNS_12istring_baseE
                0x0800d32c        0x8 bn_sstream.o
                0x0800d32c                bn::ostringstream::ostringstream(bn::istring_base&)
                0x0800d32c                bn::ostringstream::ostringstream(bn::istring_base&)
 .text._ZN2bn12_GLOBAL__N_1L14_append_numberILi12EiEEvT0_RNS_7istringE
                0x0800d334      0x104 bn_sstream.o
 .text._ZN2bn13ostringstream6appendEi
                0x0800d438       0x14 bn_sstream.o
                0x0800d438                bn::ostringstream::append(int)
 .text._ZN2bn13ostringstream6appendEPKc
                0x0800d44c       0xac bn_sstream.o
                0x0800d44c                bn::ostringstream::append(char const*)
 .text._ZN2bn13ostringstream6appendERKNS_11string_viewE
                0x0800d4f8       0xbc bn_sstream.o
                0x0800d4f8                bn::ostringstream::append(bn::string_view const&)
 .text._ZN2bn13ostringstream6appendEj
                0x0800d5b4      0x118 bn_sstream.o
                0x0800d5b4                bn::ostringstream::append(unsigned int)
 .text._ZN2bn13ostringstream6appendEPKv
                0x0800d6cc      0x154 bn_sstream.o
                0x0800d6cc                bn::ostringstream::append(void const*)
 .text._ZN2bn7istring9push_backEc.part.0
                0x0800d820       0x28 bn_sstream.o
 .text._ZN2bn13ostringstream6appendEc
                0x0800d848       0x24 bn_sstream.o
                0x0800d848                bn::ostringstream::append(char)
 .text._ZN2bn18igeneric_pool_baseC2EPci
                0x0800d86c       0x10 bn_translation_unit.o
                0x0800d86c                bn::igeneric_pool_base::igeneric_pool_base(char*, int)
                0x0800d86c                bn::igeneric_pool_base::igeneric_pool_base(char*, int)
 .text._ZN2bn18igeneric_pool_base5_freeEPc
                0x0800d87c       0x10 bn_translation_unit.o
                0x0800d87c                bn::igeneric_pool_base::_free(char*)
 .text._ZN2bn5timerC2Ev
                0x0800d88c       0x24 bn_translation_unit.o
                0x0800d88c                bn::timer::timer()
                0x0800d88c                bn::timer::timer()
 .text._ZNK2bn5timer13elapsed_ticksEv
                0x0800d8b0       0x2c bn_translation_unit.o
                0x0800d8b0                bn::timer::elapsed_ticks() const
 .text._ZN2bn5timer7restartEv
                0x0800d8dc       0x28 bn_translation_unit.o
                0x0800d8dc                bn::timer::restart()
 .text._ZN2bn3logERKNS_12istring_baseE
                0x0800d904       0x58 bn_translation_unit.o
                0x0800d904                bn::log(bn::istring_base const&)
 .text._ZN2bn18igeneric_pool_base9_allocateEv
                0x0800d95c       0x48 bn_translation_unit.o
                0x0800d95c                bn::igeneric_pool_base::_allocate()
 .text.__libc_init_array
                0x0800d9a4       0x50 bn_hw_common.bn_noflto.o
                0x0800d9a4                __libc_init_array
 .text.__aeabi_atexit
                0x0800d9f4        0x4 bn_hw_common.bn_noflto.o
                0x0800d9f4                __aeabi_atexit
 .text._ZN3_bn6assert9show_argsIA40_cEEvPKcS4_S4_iRKT_
                0x0800d9f8       0x48 bn_hw_common.bn_noflto.o
                0x0800d9f8                void _bn::assert::show_args<char [40]>(char const*, char const*, char const*, int, char const (&) [40])
 .text.__aeabi_idiv0
                0x0800da40       0x24 bn_hw_common.bn_noflto.o
                0x0800da40                __aeabi_idiv0
 .text._ZN2bn2hw4gpio4initEv
                0x0800da64        0x8 bn_hw_gpio.bn_noflto.o
                0x0800da64                bn::hw::gpio::init()
 .text._ZN2bn2hw4link12_GLOBAL__N_1L19_resetStateCallbackEv
                0x0800da6c       0x4c bn_hw_link.o
 .text._ZN2bn2hw4link4initEv
                0x0800dab8      0x144 bn_hw_link.o
                0x0800dab8                bn::hw::link::init()
 .text._ZN2bn2hw4link6activeEv
                0x0800dbfc       0x10 bn_hw_link.o
                0x0800dbfc                bn::hw::link::active()
 .text._ZN2bn2hw4link7disableEv
                0x0800dc0c       0xbc bn_hw_link.o
                0x0800dc0c                bn::hw::link::disable()
 .text._ZN2bn2hw4link6commitEv
                0x0800dcc8       0x28 bn_hw_link.o
                0x0800dcc8                bn::hw::link::commit()
 .text._ZN2bn6idequeItE9pop_frontEv.part.0
                0x0800dcf0       0x28 bn_hw_link.o
 .text._ZN2bn2hw4link11_timer_intrEv
                0x0800dd18      0x144 bn_hw_link.o
                0x0800dd18                bn::hw::link::_timer_intr()
 .text._ZN2bn2hw4link12_GLOBAL__N_1L24_receiveResponseCallbackERKNS_2lc12LinkResponseE
                0x0800de5c      0x128 bn_hw_link.o
 .text._ZN2bn2hw4link12_serial_intrEv
                0x0800df84      0x234 bn_hw_link.o
                0x0800df84                bn::hw::link::_serial_intr()
 .text._ZN2bn2hw4link12_GLOBAL__N_1L17_sendDataCallbackEv
                0x0800e1b8       0xb8 bn_hw_link.o
 .text._ZN2bn2hw8palettes8contrastEPKNS_5colorEiiPS2_
                0x0800e270       0x18 bn_hw_palettes.o
                0x0800e270                bn::hw::palettes::contrast(bn::color const*, int, int, bn::color*)
 .text._ZN2bn2hw8palettes9intensityEPKNS_5colorEiiPS2_
                0x0800e288       0x18 bn_hw_palettes.o
                0x0800e288                bn::hw::palettes::intensity(bn::color const*, int, int, bn::color*)
 .text._ZN2bn2hw8palettes9hue_shiftEPKNS_5colorEiiPS2_
                0x0800e2a0      0x14c bn_hw_palettes.o
                0x0800e2a0                bn::hw::palettes::hue_shift(bn::color const*, int, int, bn::color*)
 .text._ZN2bn2hw8palettes6rotateEPKNS_5colorEiiPS2_
                0x0800e3ec       0x30 bn_hw_palettes.o
                0x0800e3ec                bn::hw::palettes::rotate(bn::color const*, int, int, bn::color*)
 .text._ZN2bn7istring6appendEPKci.isra.0
                0x0800e41c       0xb4 bn_hw_show.o
 .text._ZN2bn2hw4show5errorERKNS_11system_fontERKNS_11string_viewES7_S7_iS7_S7_
                0x0800e4d0      0x288 bn_hw_show.o
                0x0800e4d0                bn::hw::show::error(bn::system_font const&, bn::string_view const&, bn::string_view const&, bn::string_view const&, int, bn::string_view const&, bn::string_view const&)
 .text._ZN2bn2hw4sram4initEv
                0x0800e758       0x18 bn_hw_sram.bn_noflto.o
                0x0800e758                bn::hw::sram::init()
 .text._ZN2bn11system_fontC2Ev
                0x0800e770       0x18 bn_hw_system_font.o
                0x0800e770                bn::system_font::system_font()
                0x0800e770                bn::system_font::system_font()
 .text._ZNK2bn11system_font8tte_fontEv
                0x0800e788        0x4 bn_hw_system_font.o
                0x0800e788                bn::system_font::tte_font() const
 .text._ZN2bn2hw4text5parseEPKvPc
                0x0800e78c       0x58 bn_hw_text.o
                0x0800e78c                bn::hw::text::parse(void const*, char*)
 .text._ZN2bn2hw4text5parseEjPc
                0x0800e7e4       0xd0 bn_hw_text.o
                0x0800e7e4                bn::hw::text::parse(unsigned int, char*)
 .text._ZN2bn2hw4text5parseEiPc
                0x0800e8b4       0xf8 bn_hw_text.o
                0x0800e8b4                bn::hw::text::parse(int, char*)
 .text.clr_grayscale
                0x0800e9ac       0x70 tonc_color.o
                0x0800e9ac                clr_grayscale
 .text.sbmp16_rect
                0x0800ea1c       0x6c tonc_sbmp16.o
                0x0800ea1c                sbmp16_rect
 .text.bmp16_drawg_b1cts
                0x0800ea88       0xb4 bmp16_drawg_b1cs.o
                0x0800ea88                bmp16_drawg_b1cts
 .text.bmp16_erase
                0x0800eb3c       0x24 tte_init_bmp.o
                0x0800eb3c                bmp16_erase
 .text.tte_init_bmp
                0x0800eb60       0x60 tte_init_bmp.o
                0x0800eb60                tte_init_bmp
 .text.dummy_drawg
                0x0800ebc0        0x4 tte_main.o
                0x0800ebc0                dummy_drawg
 .text.dummy_erase
                0x0800ebc4        0x4 tte_main.o
                0x0800ebc4                dummy_erase
 .text.tte_init_base
                0x0800ebc8       0x68 tte_main.o
                0x0800ebc8                tte_init_base
 .text.utf8_decode_char
                0x0800ec30       0xb8 tte_main.o
                0x0800ec30                utf8_decode_char
 .text.tte_write
                0x0800ece8       0xd0 tte_main.o
                0x0800ece8                tte_write
 .text.tte_get_text_size
                0x0800edb8       0xa4 tte_main.o
                0x0800edb8                tte_get_text_size
 .text.tte_set_margins
                0x0800ee5c       0x14 tte_main.o
                0x0800ee5c                tte_set_margins
 .text.IRQ_Init
                0x0800ee70       0x48 interrupts_gba.o
                0x0800ee70                IRQ_Init
 .text.IRQ_SetHandler
                0x0800eeb8        0xc interrupts_gba.o
                0x0800eeb8                IRQ_SetHandler
 .text.IRQ_Enable
                0x0800eec4       0x58 interrupts_gba.o
                0x0800eec4                IRQ_Enable
 .text.IRQ_Disable
                0x0800ef1c       0x58 interrupts_gba.o
                0x0800ef1c                IRQ_Disable
 .text          0x0800ef74       0x8c tonc_bios.o
                0x0800ef74                SoftReset
                0x0800ef78                RegisterRamReset
                0x0800ef7c                Halt
                0x0800ef80                Stop
                0x0800ef84                IntrWait
                0x0800ef88                VBlankIntrWait
                0x0800ef8c                Div
                0x0800ef90                DivArm
                0x0800ef94                Sqrt
                0x0800ef98                ArcTan
                0x0800ef9c                ArcTan2
                0x0800efa0                CpuSet
                0x0800efa4                CpuFastSet
                0x0800efa8                BiosCheckSum
                0x0800efac                BgAffineSet
                0x0800efb0                ObjAffineSet
                0x0800efb4                BitUnPack
                0x0800efb8                LZ77UnCompWram
                0x0800efbc                LZ77UnCompVram
                0x0800efc0                HuffUnComp
                0x0800efc4                RLUnCompWram
                0x0800efc8                RLUnCompVram
                0x0800efcc                Diff8bitUnFilterWram
                0x0800efd0                Diff8bitUnFilterVram
                0x0800efd4                Diff16bitUnFilter
                0x0800efd8                SoundBias
                0x0800efdc                SoundDriverInit
                0x0800efe0                SoundDriverMode
                0x0800efe4                SoundDriverMain
                0x0800efe8                SoundDriverVSync
                0x0800efec                SoundChannelClear
                0x0800eff0                MidiKey2Freq
                0x0800eff4                MultiBoot
                0x0800eff8                SoundDriverVSyncOff
                0x0800effc                SoundDriverVSyncOn
 .text          0x0800f000       0x3c tonc_memset.o
                0x0800f000                memset16
 .text          0x0800f03c      0x26c posprintf.o
                0x0800f040                posprintf
 .text          0x0800f2a8       0x6c memset.o
                0x0800f2a8                __agbabi_wordset4
                0x0800f2ac                __agbabi_lwordset4
 *fill*         0x0800f314        0x4 ff
 .text.__stub   0x0800f318      0x108 linker stubs
 *(.gnu.linkonce.t.*)
 *(.text.*personality*)
 *(.gnu.warning)
 *(.glue_7t)
 .glue_7t       0x0800f420        0x0 linker stubs
 *(.glue_7)
 .glue_7        0x0800f420        0x0 linker stubs
 *(.vfp11_veneer)
 .vfp11_veneer  0x0800f420        0x0 linker stubs
                0x0800f420                        . = ALIGN (0x4)
                0x0800f470                        __text_end = .

.v4_bx          0x0800f470        0x0
 .v4_bx         0x0800f470        0x0 linker stubs

.iplt           0x0800f470        0x0
 .iplt          0x0800f470        0x0 C:/devkitPro/devkitARM/bin/../lib/gcc/arm-none-eabi/16.1.0/../../../../arm-none-eabi/lib/thumb/gba_crt0.o

.fini           0x0800f470        0xc
 *(.fini)
 .fini          0x0800f470        0x4 C:/devkitPro/devkitARM/bin/../lib/gcc/arm-none-eabi/16.1.0/thumb/crti.o
                0x0800f470                _fini
 .fini          0x0800f474        0x8 C:/devkitPro/devkitARM/bin/../lib/gcc/arm-none-eabi/16.1.0/thumb/crtn.o
                0x0800f47c                        . = ALIGN (0x4)

.rodata         0x0800f47c    0x14724
 *(.rodata)
 .rodata        0x0800f47c     0xf120 unifont_bn_gfx.o
                0x0800f47c                unifont_bn_gfxTiles
                0x0801e57c                unifont_bn_gfxPal
 .rodata        0x0801e59c        0x8 bn_core.o
 .rodata        0x0801e5a4        0x6 bn_sprite_text_generator.o
 *fill*         0x0801e5aa        0x2 ff
 .rodata        0x0801e5ac       0x10 bn_sprite_tiles_manager.o
 .rodata        0x0801e5bc      0xef8 verdana9.o
                0x0801e5bc                verdana9Font
                0x0801e5d4                verdana9Glyphs
                0x0801f3d4                verdana9Widths
 *all.rodata*(*)
 *(.roda)
 *(.rodata.*)
 .rodata.find_first_gbfs_file.str1.4
                0x0801f4b4     0x16db libgbfs.o
                                  0xd (size before relaxing)
 .rodata._ZL20init_hud_static_textv.str1.4
                0x08020b8f        0x0 main.o
                                 0x3c (size before relaxing)
 .rodata._ZL10start_songv.str1.4
                0x08020b8f        0x0 main.o
                                 0x67 (size before relaxing)
 .rodata.main.str1.4
                0x08020b8f        0x0 main.o
                                 0x18 (size before relaxing)
 *fill*         0x08020b8f        0x1 ff
 .rodata._ZL19unifont_sprite_font
                0x08020b90       0x34 main.o
 .rodata._ZL36unifont_sprite_font_character_widths
                0x08020bc4      0x1e3 main.o
 *fill*         0x08020da7        0x1 ff
 .rodata._ZL39unifont_sprite_font_utf8_characters_map
                0x08020da8     0x2000 main.o
 .rodata._ZN2bn18best_fit_allocatorD2Ev.str1.4
                0x08022da8        0x0 bn_best_fit_allocator.o
                                 0x4b (size before relaxing)
 .rodata._ZN2bn18best_fit_allocator5allocEi.str1.4
                0x08022da8        0x0 bn_best_fit_allocator.o
                                 0x24 (size before relaxing)
 .rodata._ZN2bn18best_fit_allocator5resetEPvi.str1.4
                0x08022da8        0x0 bn_best_fit_allocator.o
                                 0x61 (size before relaxing)
 .rodata._ZNK2bn19regular_bg_map_item9cells_ptrEi.part.0.str1.4
                0x08022da8        0x0 bn_bg_blocks_manager.o
                                 0x60 (size before relaxing)
 .rodata._ZNK2bn8optionalINS_19affine_bg_tiles_ptrEEptEv.part.0.str1.4
                0x08022da8        0x0 bn_bg_blocks_manager.o
                                 0x32 (size before relaxing)
 .rodata._ZNK2bn8optionalINS_20regular_bg_tiles_ptrEEdeEv.part.0.str1.4
                0x08022da8        0x0 bn_bg_blocks_manager.o
                                  0xa (size before relaxing)
 .rodata._ZN2bn17affine_bg_builderC2ERKNS_14affine_bg_itemEi.str1.4
                0x08022da8        0x0 bn_bgs_manager.o
                                 0x68 (size before relaxing)
 .rodata._ZNK2bn26palette_bitmap_pixels_item10decompressENS_4spanIhEE.str1.4
                0x08022da8        0x0 bn_bgs_manager.o
                                 0xc3 (size before relaxing)
 .rodata._ZNK2bn8optionalINS_17affine_bg_map_ptrEEdeEv.part.0.str1.4
                0x08022da8        0x0 bn_bgs_manager.o
                                 0x32 (size before relaxing)
 .rodata._ZNK2bn8optionalINS_17affine_bg_map_ptrEEptEv.part.0.str1.4
                0x08022da8        0x0 bn_bgs_manager.o
                                  0xb (size before relaxing)
 .rodata._ZN2bn11bgs_manager15set_regular_mapEPvONS_18regular_bg_map_ptrE.str1.4
                0x08022da8        0x0 bn_bgs_manager.o
                                 0x52 (size before relaxing)
 .rodata._ZN2bn11bgs_manager36fill_hblank_effect_affine_attributesEPvPKNS_20affine_bg_attributesEPt.str1.4
                0x08022da8        0x0 bn_bgs_manager.o
                                 0x41 (size before relaxing)
 .rodata._ZN2bn11bgs_manager37fill_hblank_effect_regular_attributesEPvPKNS_21regular_bg_attributesEPt.str1.4
                0x08022da8        0x0 bn_bgs_manager.o
                                 0x26 (size before relaxing)
 .rodata._ZN2bn11bgs_manager15rebuild_handlesEv.part.0.str1.4
                0x08022da8        0x0 bn_bgs_manager.o
                                 0x93 (size before relaxing)
 .rodata._ZN3_bn6assert12_GLOBAL__N_1L10_show_implEPKcS3_S3_iRKN2bn11string_viewE.str1.4
                0x08022da8        0x0 bn_core.o
                                 0x38 (size before relaxing)
 .rodata.str1.4
                0x08022da8        0x0 bn_core.o
                                  0xb (size before relaxing)
 .rodata._ZN2bn22hblank_effects_manager12_GLOBAL__N_1L10_is_uint32ENS0_12handler_typeE.str1.4
                0x08022da8        0x0 bn_hblank_effects_manager.o
                                 0x42 (size before relaxing)
 .rodata._ZN2bn22hblank_effects_manager12_GLOBAL__N_19item_type12check_updateEv.str1.4
                0x08022da8        0x0 bn_hblank_effects_manager.o
                                0x155 (size before relaxing)
 .rodata._ZN2bn22hblank_effects_manager12_GLOBAL__N_19item_type12check_updateEv
                0x08022da8       0xa8 bn_hblank_effects_manager.o
 .rodata._ZN2bn22hblank_effects_manager6updateEv.str1.4
                0x08022e50        0x0 bn_hblank_effects_manager.o
                                 0x25 (size before relaxing)
 .rodata._ZN2bn7ivectorIaE9push_backEOa.part.0.str1.4
                0x08022e50        0x0 bn_hblank_effects_manager.o
                                 0x27 (size before relaxing)
 .rodata._ZN2bn14keypad_manager6updateEv.str1.4
                0x08022e50        0x0 bn_keypad_manager.o
                                 0x5b (size before relaxing)
 .rodata._ZN2bn14keypad_manager4initERKNS_11string_viewE.str1.4
                0x08022e50        0x0 bn_keypad_manager.o
                                 0x54 (size before relaxing)
 .rodata._ZNK2bn13palettes_bank10log_statusEv.str1.4
                0x08022e50        0x0 bn_palettes_manager.o
                                 0x60 (size before relaxing)
 .rodata._ZNK2bn13palettes_bank6colorsEi.str1.4
                0x08022e50        0x0 bn_palettes_manager.o
                                 0x33 (size before relaxing)
 .rodata._ZN2bn13palettes_bank11colors_hashERKNS_4spanIKNS_5colorEEE.str1.4
                0x08022e50        0x0 bn_palettes_manager.o
                                 0x53 (size before relaxing)
 .rodata._ZN2bn13palettes_bank12create_bpp_8ERKNS_4spanIKNS_5colorEEENS_16compression_typeEb.str1.4
                0x08022e50        0x0 bn_palettes_manager.o
                                 0xcb (size before relaxing)
 .rodata._ZN2bn13palettes_bank16set_rotate_countEii.str1.4
                0x08022e50        0x0 bn_palettes_manager.o
                                 0x4c (size before relaxing)
 .rodata._ZNK2bn13palettes_bank21_apply_global_effectsEiPNS_5colorE.str1.4
                0x08022e50        0x0 bn_palettes_manager.o
                                 0x27 (size before relaxing)
 .rodata._ZNK2bn19sprite_palette_item10decompressENS_4spanINS_5colorEEE.str1.4
                0x08022e50        0x0 bn_palettes_manager.o
                                 0xdf (size before relaxing)
 .rodata._ZN2bn14iunordered_mapItsNS_15identity_hasherENS_8equal_toItEEE21insert_or_assign_hashEjOSt4pairIKtsE.isra.0.str1.4
                0x08022e50        0x0 bn_palettes_manager.o
                                 0x65 (size before relaxing)
 .rodata._ZN2bn13palettes_bank12create_bpp_4ERKNS_4spanIKNS_5colorEEEtb.str1.4
                0x08022e50        0x0 bn_palettes_manager.o
                                 0x3b (size before relaxing)
 .rodata._ZN2bn26sprite_affine_mats_manager22reserve_sprite_handlesEi.str1.4
                0x08022e50        0x0 bn_sprite_affine_mats_manager.o
                                 0x72 (size before relaxing)
 .rodata._ZN2bn26sprite_affine_mats_manager12_GLOBAL__N_1L15_new_item_indexEv.str1.4
                0x08022e50        0x0 bn_sprite_affine_mats_manager.o
                                 0x69 (size before relaxing)
 .rodata._ZN2bn7ivectorIaE9push_backEOa.part.0.str1.4
                0x08022e50        0x0 bn_sprite_affine_mats_manager.o
                                 0x1b (size before relaxing)
 .rodata._ZN2bn26sprite_affine_mats_manager14dettach_spriteEiRNS_24intrusive_list_node_typeE.str1.4
                0x08022e50        0x0 bn_sprite_affine_mats_manager.o
                                 0x22 (size before relaxing)
 .rodata._ZN2bn21sprite_text_generator5_initEv.str1.4
                0x08022e50        0x0 bn_sprite_text_generator.o
                                 0x44 (size before relaxing)
 .rodata._ZNK2bn17sprite_tiles_item18graphics_tiles_refEi.part.0.str1.4
                0x08022e50        0x0 bn_sprite_text_generator.o
                                 0x62 (size before relaxing)
 .rodata._ZN2bn8optionalINS_16sprite_tiles_ptrEEdeEv.part.0.str1.4
                0x08022e50        0x0 bn_sprite_text_generator.o
                                 0x32 (size before relaxing)
 .rodata._ZN2bn8optionalINS_4spanINS_4tileEEEEptEv.part.0.str1.4
                0x08022e50        0x0 bn_sprite_text_generator.o
                                  0xb (size before relaxing)
 .rodata._ZN2bn14utf8_characterC2ERKc.str1.4
                0x08022e50        0x0 bn_sprite_text_generator.o
                                 0x3c (size before relaxing)
 .rodata._ZN2bn12_GLOBAL__N_1L15_graphics_indexEcRKNS_23utf8_characters_map_refEPKcRi.part.0.str1.4
                0x08022e50        0x0 bn_sprite_text_generator.o
                                 0x44 (size before relaxing)
 .rodata._ZN2bn21sprite_text_generator16set_palette_itemERKNS_19sprite_palette_itemE.str1.4
                0x08022e50        0x0 bn_sprite_text_generator.o
                                 0x75 (size before relaxing)
 .rodata._ZNK2bn21sprite_text_generator5widthERKNS_11string_viewE.str1.4
                0x08022e50        0x0 bn_sprite_text_generator.o
                                 0x2c (size before relaxing)
 .rodata._ZN2bn12_GLOBAL__N_1L20_build_sprite_assertILNS_11sprite_sizeE1EEEPNS_4tileERKNS_21sprite_text_generatorERKNS_18sprite_palette_ptrERKNS_13fixed_point_tILi12EEERNS_7ivectorINS_10sprite_ptrEEE.str1.4
                0x08022e50        0x0 bn_sprite_text_generator.o
                                 0x77 (size before relaxing)
 .rodata._ZN2bn12_GLOBAL__N_1L9_generateILb0EEEbRKNS_21sprite_text_generatorERKNS_13fixed_point_tILi12EEERKNS_11string_viewERKNS_23utf8_characters_map_refEiibRNS_7ivectorINS_10sprite_ptrEEE.isra.0.str1.4
                0x08022e50        0x0 bn_sprite_text_generator.o
                                 0xc7 (size before relaxing)
 .rodata._ZN2bn20sprite_tiles_manager10log_statusEv.str1.4
                0x08022e50        0x0 bn_sprite_tiles_manager.o
                                 0x94 (size before relaxing)
 .rodata._ZNK2bn17sprite_tiles_item18graphics_tiles_refEv.part.0.str1.4
                0x08022e50        0x0 bn_sprite_tiles_manager.o
                                 0x66 (size before relaxing)
 .rodata._ZN2bn20sprite_tiles_manager12_GLOBAL__N_1L10_hw_commitEPKNS_4tileENS_16compression_typeEii.str1.4
                0x08022e50        0x0 bn_sprite_tiles_manager.o
                                 0x43 (size before relaxing)
 .rodata._ZN2bn7ivectorItE9push_backEOt.part.0.str1.4
                0x08022e50        0x0 bn_sprite_tiles_manager.o
                                 0x27 (size before relaxing)
 .rodata._ZN2bn20sprite_tiles_manager12_GLOBAL__N_1L17_insert_free_itemEi.str1.4
                0x08022e50        0x0 bn_sprite_tiles_manager.o
                                 0x41 (size before relaxing)
 .rodata._ZN2bn20sprite_tiles_manager12_GLOBAL__N_1L16_erase_free_itemEi.str1.4
                0x08022e50        0x0 bn_sprite_tiles_manager.o
                                 0x40 (size before relaxing)
 .rodata._ZN2bn20sprite_tiles_manager12_GLOBAL__N_1L10_find_implEPKNS_4tileENS_16compression_typeEi.str1.4
                0x08022e50        0x0 bn_sprite_tiles_manager.o
                                 0xd2 (size before relaxing)
 .rodata._ZN2bn20sprite_tiles_manager19allocate_first_halfEb.str1.4
                0x08022e50        0x0 bn_sprite_tiles_manager.o
                                 0x61 (size before relaxing)
 .rodata._ZN2bn16sprite_tiles_ptr4findERKNS_17sprite_tiles_itemE.str1.4
                0x08022e50        0x0 bn_sprite_tiles_manager.o
                                 0x3f (size before relaxing)
 .rodata._ZNK2bn17sprite_tiles_item10find_tilesEi.str1.4
                0x08022e50        0x0 bn_sprite_tiles_manager.o
                                 0x51 (size before relaxing)
 .rodata._ZN2bn20sprite_tiles_manager12_GLOBAL__N_1L21_erase_items_map_itemEPKNS_4tileE.str1.4
                0x08022e50        0x0 bn_sprite_tiles_manager.o
                                 0x3a (size before relaxing)
 .rodata._ZN2bn20sprite_tiles_manager12_GLOBAL__N_1L12_create_itemEiPKNS_4tileENS_16compression_typeEib.str1.4
                0x08022e50        0x0 bn_sprite_tiles_manager.o
                                 0x35 (size before relaxing)
 .rodata._ZN2bn20sprite_tiles_manager17allocate_optionalEiNS_8bpp_modeE.str1.4
                0x08022e50        0x0 bn_sprite_tiles_manager.o
                                 0x62 (size before relaxing)
 .rodata._ZN2bn20sprite_tiles_manager8allocateEiNS_8bpp_modeE.str1.4
                0x08022e50        0x0 bn_sprite_tiles_manager.o
                                 0x38 (size before relaxing)
 .rodata._ZN2bn20sprite_tiles_manager6createERKNS_4spanIKNS_4tileEEENS_16compression_typeE.str1.4
                0x08022e50        0x0 bn_sprite_tiles_manager.o
                                 0x44 (size before relaxing)
 .rodata.str1.4
                0x08022e50        0x0 bn_sprite_tiles_manager.o
                                 0x25 (size before relaxing)